Archive member included to satisfy reference by file (symbol)

/opt/st/stm32cubeide_2.0.0/plugins/com.st.stm32cube.ide.mcu.externaltools.gnu-tools-for-stm32.13.3.rel1.linux64_1.0.100.202509120712/tools/bin/../lib/gcc/arm-none-eabi/13.3.1/../../../../arm-none-eabi/lib/thumb/v7e-m+dp/hard/libc_nano.a(libc_a-exit.o)
                              /opt/st/stm32cubeide_2.0.0/plugins/com.st.stm32cube.ide.mcu.externaltools.gnu-tools-for-stm32.13.3.rel1.linux64_1.0.100.202509120712/tools/bin/../lib/gcc/arm-none-eabi/13.3.1/../../../../arm-none-eabi/lib/thumb/v7e-m+dp/hard/crt0.o (exit)
/opt/st/stm32cubeide_2.0.0/plugins/com.st.stm32cube.ide.mcu.externaltools.gnu-tools-for-stm32.13.3.rel1.linux64_1.0.100.202509120712/tools/bin/../lib/gcc/arm-none-eabi/13.3.1/../../../../arm-none-eabi/lib/thumb/v7e-m+dp/hard/libc_nano.a(libc_a-findfp.o)
                              /opt/st/stm32cubeide_2.0.0/plugins/com.st.stm32cube.ide.mcu.externaltools.gnu-tools-for-stm32.13.3.rel1.linux64_1.0.100.202509120712/tools/bin/../lib/gcc/arm-none-eabi/13.3.1/../../../../arm-none-eabi/lib/thumb/v7e-m+dp/hard/libc_nano.a(libc_a-exit.o) (__stdio_exit_handler)
/opt/st/stm32cubeide_2.0.0/plugins/com.st.stm32cube.ide.mcu.externaltools.gnu-tools-for-stm32.13.3.rel1.linux64_1.0.100.202509120712/tools/bin/../lib/gcc/arm-none-eabi/13.3.1/../../../../arm-none-eabi/lib/thumb/v7e-m+dp/hard/libc_nano.a(libc_a-fwalk.o)
                              /opt/st/stm32cubeide_2.0.0/plugins/com.st.stm32cube.ide.mcu.externaltools.gnu-tools-for-stm32.13.3.rel1.linux64_1.0.100.202509120712/tools/bin/../lib/gcc/arm-none-eabi/13.3.1/../../../../arm-none-eabi/lib/thumb/v7e-m+dp/hard/libc_nano.a(libc_a-findfp.o) (_fwalk_sglue)
/opt/st/stm32cubeide_2.0.0/plugins/com.st.stm32cube.ide.mcu.externaltools.gnu-tools-for-stm32.13.3.rel1.linux64_1.0.100.202509120712/tools/bin/../lib/gcc/arm-none-eabi/13.3.1/../../../../arm-none-eabi/lib/thumb/v7e-m+dp/hard/libc_nano.a(libc_a-stdio.o)
                              /opt/st/stm32cubeide_2.0.0/plugins/com.st.stm32cube.ide.mcu.externaltools.gnu-tools-for-stm32.13.3.rel1.linux64_1.0.100.202509120712/tools/bin/../lib/gcc/arm-none-eabi/13.3.1/../../../../arm-none-eabi/lib/thumb/v7e-m+dp/hard/libc_nano.a(libc_a-findfp.o) (__sread)
/opt/st/stm32cubeide_2.0.0/plugins/com.st.stm32cube.ide.mcu.externaltools.gnu-tools-for-stm32.13.3.rel1.linux64_1.0.100.202509120712/tools/bin/../lib/gcc/arm-none-eabi/13.3.1/../../../../arm-none-eabi/lib/thumb/v7e-m+dp/hard/libc_nano.a(libc_a-memset.o)
                              /opt/st/stm32cubeide_2.0.0/plugins/com.st.stm32cube.ide.mcu.externaltools.gnu-tools-for-stm32.13.3.rel1.linux64_1.0.100.202509120712/tools/bin/../lib/gcc/arm-none-eabi/13.3.1/../../../../arm-none-eabi/lib/thumb/v7e-m+dp/hard/crt0.o (memset)
/opt/st/stm32cubeide_2.0.0/plugins/com.st.stm32cube.ide.mcu.externaltools.gnu-tools-for-stm32.13.3.rel1.linux64_1.0.100.202509120712/tools/bin/../lib/gcc/arm-none-eabi/13.3.1/../../../../arm-none-eabi/lib/thumb/v7e-m+dp/hard/libc_nano.a(libc_a-closer.o)
                              /opt/st/stm32cubeide_2.0.0/plugins/com.st.stm32cube.ide.mcu.externaltools.gnu-tools-for-stm32.13.3.rel1.linux64_1.0.100.202509120712/tools/bin/../lib/gcc/arm-none-eabi/13.3.1/../../../../arm-none-eabi/lib/thumb/v7e-m+dp/hard/libc_nano.a(libc_a-stdio.o) (_close_r)
/opt/st/stm32cubeide_2.0.0/plugins/com.st.stm32cube.ide.mcu.externaltools.gnu-tools-for-stm32.13.3.rel1.linux64_1.0.100.202509120712/tools/bin/../lib/gcc/arm-none-eabi/13.3.1/../../../../arm-none-eabi/lib/thumb/v7e-m+dp/hard/libc_nano.a(libc_a-reent.o)
                              /opt/st/stm32cubeide_2.0.0/plugins/com.st.stm32cube.ide.mcu.externaltools.gnu-tools-for-stm32.13.3.rel1.linux64_1.0.100.202509120712/tools/bin/../lib/gcc/arm-none-eabi/13.3.1/../../../../arm-none-eabi/lib/thumb/v7e-m+dp/hard/libc_nano.a(libc_a-closer.o) (errno)
/opt/st/stm32cubeide_2.0.0/plugins/com.st.stm32cube.ide.mcu.externaltools.gnu-tools-for-stm32.13.3.rel1.linux64_1.0.100.202509120712/tools/bin/../lib/gcc/arm-none-eabi/13.3.1/../../../../arm-none-eabi/lib/thumb/v7e-m+dp/hard/libc_nano.a(libc_a-impure.o)
                              /opt/st/stm32cubeide_2.0.0/plugins/com.st.stm32cube.ide.mcu.externaltools.gnu-tools-for-stm32.13.3.rel1.linux64_1.0.100.202509120712/tools/bin/../lib/gcc/arm-none-eabi/13.3.1/../../../../arm-none-eabi/lib/thumb/v7e-m+dp/hard/libc_nano.a(libc_a-reent.o) (_impure_ptr)
/opt/st/stm32cubeide_2.0.0/plugins/com.st.stm32cube.ide.mcu.externaltools.gnu-tools-for-stm32.13.3.rel1.linux64_1.0.100.202509120712/tools/bin/../lib/gcc/arm-none-eabi/13.3.1/../../../../arm-none-eabi/lib/thumb/v7e-m+dp/hard/libc_nano.a(libc_a-lseekr.o)
                              /opt/st/stm32cubeide_2.0.0/plugins/com.st.stm32cube.ide.mcu.externaltools.gnu-tools-for-stm32.13.3.rel1.linux64_1.0.100.202509120712/tools/bin/../lib/gcc/arm-none-eabi/13.3.1/../../../../arm-none-eabi/lib/thumb/v7e-m+dp/hard/libc_nano.a(libc_a-stdio.o) (_lseek_r)
[...]
Memory Configuration

Name             Origin             Length             Attributes
ITCMRAM          0x00000000         0x00010000         xrw
DTCMRAM          0x20000000         0x00020000         xrw
FLASH            0x08000000         0x00100000         xr
RAM_D1           0x24000000         0x00050000         xrw
RAM_D2           0x30000000         0x00008000         xrw
RAM_D3           0x38000000         0x00004000         xrw
*default*        0x00000000         0xffffffff

Linker script and memory map

LOAD /opt/st/stm32cubeide_2.0.0/plugins/com.st.stm32cube.ide.mcu.externaltools.gnu-tools-for-stm32.13.3.rel1.linux64_1.0.100.202509120712/tools/bin/../lib/gcc/arm-none-eabi/13.3.1/thumb/v7e-m+dp/hard/crti.o
LOAD /opt/st/stm32cubeide_2.0.0/plugins/com.st.stm32cube.ide.mcu.externaltools.gnu-tools-for-stm32.13.3.rel1.linux64_1.0.100.202509120712/tools/bin/../lib/gcc/arm-none-eabi/13.3.1/thumb/v7e-m+dp/hard/crtbegin.o
LOAD /opt/st/stm32cubeide_2.0.0/plugins/com.st.stm32cube.ide.mcu.externaltools.gnu-tools-for-stm32.13.3.rel1.linux64_1.0.100.202509120712/tools/bin/../lib/gcc/arm-none-eabi/13.3.1/../../../../arm-none-eabi/lib/thumb/v7e-m+dp/hard/crt0.o
LOAD ./Core/Src/main.o
LOAD ./Core/Src/outsiders.o
LOAD ./Core/Src/pcm3060.o
LOAD ./Core/Src/stm32h7xx_it.o
LOAD ./Core/Src/syscalls.o
LOAD ./Core/Src/sysmem.o
LOAD ./Core/Src/system_stm32h7xx.o
LOAD ./Drivers/STM32H7xx_HAL_Driver/Src/Legacy/stm32h7xx_hal_eth.o
LOAD ./Drivers/STM32H7xx_HAL_Driver/Src/Legacy/stm32h7xx_hal_eth_ex.o
LOAD ./Drivers/STM32H7xx_HAL_Driver/Src/stm32h7xx_ll_adc.o
LOAD ./Drivers/STM32H7xx_HAL_Driver/Src/stm32h7xx_ll_bdma.o
LOAD ./Drivers/STM32H7xx_HAL_Driver/Src/stm32h7xx_ll_comp.o
LOAD ./Drivers/STM32H7xx_HAL_Driver/Src/stm32h7xx_ll_cordic.o
LOAD ./Drivers/STM32H7xx_HAL_Driver/Src/stm32h7xx_ll_crc.o
LOAD ./Drivers/STM32H7xx_HAL_Driver/Src/stm32h7xx_ll_crs.o
LOAD ./Drivers/STM32H7xx_HAL_Driver/Src/stm32h7xx_ll_dac.o
LOAD ./Drivers/STM32H7xx_HAL_Driver/Src/stm32h7xx_ll_delayblock.o
LOAD ./Drivers/STM32H7xx_HAL_Driver/Src/stm32h7xx_ll_dma.o
LOAD ./Drivers/STM32H7xx_HAL_Driver/Src/stm32h7xx_ll_dma2d.o
LOAD ./Drivers/STM32H7xx_HAL_Driver/Src/stm32h7xx_ll_exti.o
LOAD ./Drivers/STM32H7xx_HAL_Driver/Src/stm32h7xx_ll_fmac.o
LOAD ./Drivers/STM32H7xx_HAL_Driver/Src/stm32h7xx_ll_fmc.o
LOAD ./Drivers/STM32H7xx_HAL_Driver/Src/stm32h7xx_ll_gpio.o
LOAD ./Drivers/STM32H7xx_HAL_Driver/Src/stm32h7xx_ll_hrtim.o
LOAD ./Drivers/STM32H7xx_HAL_Driver/Src/stm32h7xx_ll_i2c.o
LOAD ./Drivers/STM32H7xx_HAL_Driver/Src/stm32h7xx_ll_lptim.o
LOAD ./Drivers/STM32H7xx_HAL_Driver/Src/stm32h7xx_ll_lpuart.o
LOAD ./Drivers/STM32H7xx_HAL_Driver/Src/stm32h7xx_ll_mdma.o
LOAD ./Drivers/STM32H7xx_HAL_Driver/Src/stm32h7xx_ll_opamp.o
LOAD ./Drivers/STM32H7xx_HAL_Driver/Src/stm32h7xx_ll_pwr.o
LOAD ./Drivers/STM32H7xx_HAL_Driver/Src/stm32h7xx_ll_rcc.o
LOAD ./Drivers/STM32H7xx_HAL_Driver/Src/stm32h7xx_ll_rng.o
LOAD ./Drivers/STM32H7xx_HAL_Driver/Src/stm32h7xx_ll_rtc.o
LOAD ./Drivers/STM32H7xx_HAL_Driver/Src/stm32h7xx_ll_sdmmc.o
LOAD ./Drivers/STM32H7xx_HAL_Driver/Src/stm32h7xx_ll_spi.o
LOAD ./Drivers/STM32H7xx_HAL_Driver/Src/stm32h7xx_ll_swpmi.o
LOAD ./Drivers/STM32H7xx_HAL_Driver/Src/stm32h7xx_ll_tim.o
LOAD ./Drivers/STM32H7xx_HAL_Driver/Src/stm32h7xx_ll_usart.o
LOAD ./Drivers/STM32H7xx_HAL_Driver/Src/stm32h7xx_ll_usb.o
LOAD ./Drivers/STM32H7xx_HAL_Driver/Src/stm32h7xx_ll_utils.o
LOAD ./Startup/startup_stm32h723zgtx.o
START GROUP
LOAD /opt/st/stm32cubeide_2.0.0/plugins/com.st.stm32cube.ide.mcu.externaltools.gnu-tools-for-stm32.13.3.rel1.linux64_1.0.100.202509120712/tools/bin/../lib/gcc/arm-none-eabi/13.3.1/../../../../arm-none-eabi/lib/thumb/v7e-m+dp/hard/libc_nano.a
LOAD /opt/st/stm32cubeide_2.0.0/plugins/com.st.stm32cube.ide.mcu.externaltools.gnu-tools-for-stm32.13.3.rel1.linux64_1.0.100.202509120712/tools/bin/../lib/gcc/arm-none-eabi/13.3.1/../../../../arm-none-eabi/lib/thumb/v7e-m+dp/hard/libm.a
END GROUP
START GROUP
LOAD /opt/st/stm32cubeide_2.0.0/plugins/com.st.stm32cube.ide.mcu.externaltools.gnu-tools-for-stm32.13.3.rel1.linux64_1.0.100.202509120712/tools/bin/../lib/gcc/arm-none-eabi/13.3.1/thumb/v7e-m+dp/hard/libgcc.a
LOAD /opt/st/stm32cubeide_2.0.0/plugins/com.st.stm32cube.ide.mcu.externaltools.gnu-tools-for-stm32.13.3.rel1.linux64_1.0.100.202509120712/tools/bin/../lib/gcc/arm-none-eabi/13.3.1/../../../../arm-none-eabi/lib/thumb/v7e-m+dp/hard/libc_nano.a
END GROUP
START GROUP
LOAD /opt/st/stm32cubeide_2.0.0/plugins/com.st.stm32cube.ide.mcu.externaltools.gnu-tools-for-stm32.13.3.rel1.linux64_1.0.100.202509120712/tools/bin/../lib/gcc/arm-none-eabi/13.3.1/thumb/v7e-m+dp/hard/libgcc.a
LOAD /opt/st/stm32cubeide_2.0.0/plugins/com.st.stm32cube.ide.mcu.externaltools.gnu-tools-for-stm32.13.3.rel1.linux64_1.0.100.202509120712/tools/bin/../lib/gcc/arm-none-eabi/13.3.1/../../../../arm-none-eabi/lib/thumb/v7e-m+dp/hard/libc_nano.a
LOAD /opt/st/stm32cubeide_2.0.0/plugins/com.st.stm32cube.ide.mcu.externaltools.gnu-tools-for-stm32.13.3.rel1.linux64_1.0.100.202509120712/tools/bin/../lib/gcc/arm-none-eabi/13.3.1/../../../../arm-none-eabi/lib/thumb/v7e-m+dp/hard/libnosys.a
END GROUP
START GROUP
LOAD /opt/st/stm32cubeide_2.0.0/plugins/com.st.stm32cube.ide.mcu.externaltools.gnu-tools-for-stm32.13.3.rel1.linux64_1.0.100.202509120712/tools/bin/../lib/gcc/arm-none-eabi/13.3.1/thumb/v7e-m+dp/hard/libgcc.a
LOAD /opt/st/stm32cubeide_2.0.0/plugins/com.st.stm32cube.ide.mcu.externaltools.gnu-tools-for-stm32.13.3.rel1.linux64_1.0.100.202509120712/tools/bin/../lib/gcc/arm-none-eabi/13.3.1/../../../../arm-none-eabi/lib/thumb/v7e-m+dp/hard/libc_nano.a
LOAD /opt/st/stm32cubeide_2.0.0/plugins/com.st.stm32cube.ide.mcu.externaltools.gnu-tools-for-stm32.13.3.rel1.linux64_1.0.100.202509120712/tools/bin/../lib/gcc/arm-none-eabi/13.3.1/../../../../arm-none-eabi/lib/thumb/v7e-m+dp/hard/libnosys.a
END GROUP
LOAD /opt/st/stm32cubeide_2.0.0/plugins/com.st.stm32cube.ide.mcu.externaltools.gnu-tools-for-stm32.13.3.rel1.linux64_1.0.100.202509120712/tools/bin/../lib/gcc/arm-none-eabi/13.3.1/thumb/v7e-m+dp/hard/crtend.o
LOAD /opt/st/stm32cubeide_2.0.0/plugins/com.st.stm32cube.ide.mcu.externaltools.gnu-tools-for-stm32.13.3.rel1.linux64_1.0.100.202509120712/tools/bin/../lib/gcc/arm-none-eabi/13.3.1/thumb/v7e-m+dp/hard/crtn.o
                0x24050000                        _estack = (ORIGIN (RAM_D1) + LENGTH (RAM_D1))
                0x00000200                        _Min_Heap_Size = 0x200
                0x00000400                        _Min_Stack_Size = 0x400

.isr_vector     0x08000000      0x2cc
                0x08000000                        . = ALIGN (0x4)
 *(.isr_vector)
 .isr_vector    0x08000000      0x2cc ./Startup/startup_stm32h723zgtx.o
                0x08000000                g_pfnVectors
                0x080002cc                        . = ALIGN (0x4)

.text           0x080002cc     0x232c
                0x080002cc                        . = ALIGN (0x4)
 *(.text)
 .text          0x080002cc       0x40 /opt/st/stm32cubeide_2.0.0/plugins/com.st.stm32cube.ide.mcu.externaltools.gnu-tools-for-stm32.13.3.rel1.linux64_1.0.100.202509120712/tools/bin/../lib/gcc/arm-none-eabi/13.3.1/thumb/v7e-m+dp/hard/crtbegin.o
 *(.text*)
 .text.__NVIC_SetPriorityGrouping
                0x0800030c       0x48 ./Core/Src/main.o
 .text.__NVIC_GetPriorityGrouping
                0x08000354       0x1c ./Core/Src/main.o
 .text.__NVIC_EnableIRQ
                0x08000370       0x3c ./Core/Src/main.o
 .text.__NVIC_SetPriority
                0x080003ac       0x54 ./Core/Src/main.o
 .text.NVIC_EncodePriority
                0x08000400       0x66 ./Core/Src/main.o
 *fill*         0x08000466        0x2 
 .text.LL_RCC_HSE_Enable
                0x08000468       0x20 ./Core/Src/main.o
 .text.LL_RCC_HSE_IsReady
                0x08000488       0x28 ./Core/Src/main.o
 .text.LL_RCC_SetSysClkSource
                0x080004b0       0x28 ./Core/Src/main.o
 .text.LL_RCC_GetSysClkSource
                0x080004d8       0x1c ./Core/Src/main.o
 .text.LL_RCC_SetAHBPrescaler
                0x080004f4       0x28 ./Core/Src/main.o
 .text.LL_RCC_SetAPB1Prescaler
                0x0800051c       0x28 ./Core/Src/main.o
 .text.LL_RCC_SetAPB2Prescaler
                0x08000544       0x28 ./Core/Src/main.o
 .text.LL_RCC_SetAPB3Prescaler
                0x0800056c       0x28 ./Core/Src/main.o
 .text.LL_RCC_SetAPB4Prescaler
                0x08000594       0x28 ./Core/Src/main.o
 .text.LL_RCC_ConfigMCO
                0x080005bc       0x40 ./Core/Src/main.o
 .text.LL_RCC_PLL_SetSource
                0x080005fc       0x28 ./Core/Src/main.o
 .text.LL_RCC_PLL1_Enable
                0x08000624       0x20 ./Core/Src/main.o
 .text.LL_RCC_PLL1_Disable
                0x08000644       0x20 ./Core/Src/main.o
 .text.LL_RCC_PLL1_IsReady
                0x08000664       0x28 ./Core/Src/main.o
 .text.LL_RCC_PLL1P_Enable
                0x0800068c       0x20 ./Core/Src/main.o
 .text.LL_RCC_PLL1Q_Enable
                0x080006ac       0x20 ./Core/Src/main.o
 .text.LL_RCC_PLL1Q_IsEnabled
                0x080006cc       0x28 ./Core/Src/main.o
 .text.LL_RCC_PLL1_SetVCOOutputRange
                0x080006f4       0x2c ./Core/Src/main.o
 .text.LL_RCC_PLL1_SetVCOInputRange
                0x08000720       0x2c ./Core/Src/main.o
 .text.LL_RCC_PLL1_SetN
                0x0800074c       0x30 ./Core/Src/main.o
 .text.LL_RCC_PLL1_SetM
                0x0800077c       0x2c ./Core/Src/main.o
 .text.LL_RCC_PLL1_SetP
                0x080007a8       0x2c ./Core/Src/main.o
 .text.LL_RCC_PLL1_SetQ
                0x080007d4       0x2c ./Core/Src/main.o
 .text.LL_RCC_PLL3_Enable
                0x08000800       0x20 ./Core/Src/main.o
 .text.LL_RCC_PLL3_Disable
                0x08000820       0x20 ./Core/Src/main.o
 .text.LL_RCC_PLL3_IsReady
                0x08000840       0x28 ./Core/Src/main.o
 .text.LL_RCC_PLL3P_Enable
                0x08000868       0x20 ./Core/Src/main.o
 .text.LL_RCC_PLL3FRACN_Enable
                0x08000888       0x20 ./Core/Src/main.o
 .text.LL_RCC_PLL3P_IsEnabled
                0x080008a8       0x28 ./Core/Src/main.o
 .text.LL_RCC_PLL3FRACN_IsEnabled
                0x080008d0       0x28 ./Core/Src/main.o
 .text.LL_RCC_PLL3FRACN_Disable
                0x080008f8       0x20 ./Core/Src/main.o
 .text.LL_RCC_PLL3_SetVCOOutputRange
                0x08000918       0x2c ./Core/Src/main.o
 .text.LL_RCC_PLL3_SetVCOInputRange
                0x08000944       0x2c ./Core/Src/main.o
 .text.LL_RCC_PLL3_SetM
                0x08000970       0x2c ./Core/Src/main.o
 .text.LL_GPIO_SetPinMode
                0x0800099c       0x40 ./Core/Src/main.o
 .text.LL_GPIO_SetPinOutputType
                0x080009dc       0x30 ./Core/Src/main.o
 .text.LL_GPIO_SetPinSpeed
                0x08000a0c       0x40 ./Core/Src/main.o
 .text.LL_GPIO_SetPinPull
                0x08000a4c       0x40 ./Core/Src/main.o
 .text.LL_GPIO_SetAFPin_0_7
                0x08000a8c       0x58 ./Core/Src/main.o
 .text.LL_GPIO_SetAFPin_8_15
                0x08000ae4       0x6c ./Core/Src/main.o
 .text.LL_GPIO_SetOutputPin
                0x08000b50       0x1c ./Core/Src/main.o
 .text.LL_GPIO_ResetOutputPin
                0x08000b6c       0x1e ./Core/Src/main.o
 .text.LL_SPI_Enable
                0x08000b8a       0x20 ./Core/Src/main.o
 .text.LL_SPI_Disable
                0x08000baa       0x20 ./Core/Src/main.o
 .text.LL_SPI_SetMode
                0x08000bca       0x26 ./Core/Src/main.o
 .text.LL_SPI_SetInternalSSLevel
                0x08000bf0       0x26 ./Core/Src/main.o
 .text.LL_SPI_SetStandard
                0x08000c16       0x26 ./Core/Src/main.o
 .text.LL_SPI_SetClockPhase
                0x08000c3c       0x26 ./Core/Src/main.o
 .text.LL_SPI_SetClockPolarity
                0x08000c62       0x26 ./Core/Src/main.o
 .text.LL_SPI_SetBaudRatePrescaler
                0x08000c88       0x26 ./Core/Src/main.o
 .text.LL_SPI_SetTransferBitOrder
                0x08000cae       0x26 ./Core/Src/main.o
 .text.LL_SPI_SetTransferDirection
                0x08000cd4       0x3e ./Core/Src/main.o
 .text.LL_SPI_SetDataWidth
                0x08000d12       0x26 ./Core/Src/main.o
 .text.LL_SPI_SetFIFOThreshold
                0x08000d38       0x26 ./Core/Src/main.o
 .text.LL_SPI_SetNSSMode
                0x08000d5e       0x26 ./Core/Src/main.o
 .text.LL_SPI_ClearFlag_MODF
                0x08000d84       0x20 ./Core/Src/main.o
 .text.LL_SPI_TransmitData8
                0x08000da4       0x20 ./Core/Src/main.o
 .text.LL_DMA_EnableStream
                0x08000dc4       0x44 ./Core/Src/main.o
 .text.LL_DMA_ConfigTransfer
                0x08000e08       0x50 ./Core/Src/main.o
 .text.LL_DMA_SetPeriphSize
                0x08000e58       0x4c ./Core/Src/main.o
 .text.LL_DMA_SetMemorySize
                0x08000ea4       0x4c ./Core/Src/main.o
 .text.LL_DMA_SetDataLength
                0x08000ef0       0x50 ./Core/Src/main.o
 .text.LL_DMA_SetPeriphRequest
                0x08000f40       0x60 ./Core/Src/main.o
 .text.LL_DMA_EnableFifoMode
                0x08000fa0       0x44 ./Core/Src/main.o
 .text.LL_DMA_SetFIFOThreshold
                0x08000fe4       0x4c ./Core/Src/main.o
 .text.LL_DMA_SetMemoryAddress
                0x08001030       0x34 ./Core/Src/main.o
 .text.LL_DMA_SetPeriphAddress
                0x08001064       0x34 ./Core/Src/main.o
 .text.LL_DMA_EnableIT_HT
                0x08001098       0x44 ./Core/Src/main.o
 .text.LL_DMA_EnableIT_TC
                0x080010dc       0x44 ./Core/Src/main.o
 .text.LL_PWR_SetRegulVoltageScaling
                0x08001120       0x28 ./Core/Src/main.o
 .text.LL_PWR_IsActiveFlag_VOS
                0x08001148       0x28 ./Core/Src/main.o
 .text.LL_FLASH_SetLatency
                0x08001170       0x28 ./Core/Src/main.o
 .text.LL_FLASH_GetLatency
                0x08001198       0x1c ./Core/Src/main.o
 .text.LL_AHB1_GRP1_EnableClock
                0x080011b4       0x38 ./Core/Src/main.o
 .text.LL_AHB4_GRP1_EnableClock
                0x080011ec       0x38 ./Core/Src/main.o
 .text.LL_APB2_GRP1_EnableClock
                0x08001224       0x38 ./Core/Src/main.o
 .text.main     0x0800125c      0x36c ./Core/Src/main.o
                0x0800125c                main
 .text.MX_SAI1_Init
                0x080015c8      0x118 ./Core/Src/main.o
 .text.MX_SPI4_Init
                0x080016e0       0xf0 ./Core/Src/main.o
 .text.MX_DMA_Init
                0x080017d0      0x124 ./Core/Src/main.o
 .text.MX_GPIO_Init
                0x080018f4      0x22c ./Core/Src/main.o
 .text.SystemClock_Config
                0x08001b20      0x1d4 ./Core/Src/main.o
                0x08001b20                SystemClock_Config
 .text.DWT_Delay_ms
                0x08001cf4       0x34 ./Core/Src/main.o
 .text.LL_SPI_Enable
                0x08001d28       0x20 ./Core/Src/pcm3060.o
 .text.LL_SPI_Disable
                0x08001d48       0x20 ./Core/Src/pcm3060.o
 .text.LL_SPI_SetTransferSize
                0x08001d68       0x2c ./Core/Src/pcm3060.o
 .text.LL_SPI_SetTransferDirection
                0x08001d94       0x3e ./Core/Src/pcm3060.o
 .text.LL_SPI_IsActiveFlag_EOT
                0x08001dd2       0x26 ./Core/Src/pcm3060.o
 .text.LL_SPI_ClearFlag_EOT
                0x08001df8       0x20 ./Core/Src/pcm3060.o
 .text.LL_GPIO_SetOutputPin
                0x08001e18       0x1c ./Core/Src/pcm3060.o
 .text.LL_GPIO_ResetOutputPin
                0x08001e34       0x1e ./Core/Src/pcm3060.o
 *fill*         0x08001e52        0x2 
 .text.PCM3060_WriteReg
                0x08001e54      0x104 ./Core/Src/pcm3060.o
                0x08001e54                PCM3060_WriteReg
 .text.PCM3060_Init
                0x08001f58       0x62 ./Core/Src/pcm3060.o
                0x08001f58                PCM3060_Init
 .text.LL_GPIO_TogglePin
                0x08001fba       0x32 ./Core/Src/stm32h7xx_it.o
 .text.LL_DMA_IsActiveFlag_HT0
                0x08001fec       0x26 ./Core/Src/stm32h7xx_it.o
 .text.LL_DMA_IsActiveFlag_HT1
                0x08002012       0x28 ./Core/Src/stm32h7xx_it.o
 .text.LL_DMA_IsActiveFlag_TC0
                0x0800203a       0x26 ./Core/Src/stm32h7xx_it.o
 .text.LL_DMA_IsActiveFlag_TC1
                0x08002060       0x28 ./Core/Src/stm32h7xx_it.o
 .text.LL_DMA_ClearFlag_HT0
                0x08002088       0x1a ./Core/Src/stm32h7xx_it.o
 .text.LL_DMA_ClearFlag_HT1
                0x080020a2       0x1c ./Core/Src/stm32h7xx_it.o
 .text.LL_DMA_ClearFlag_TC0
                0x080020be       0x1a ./Core/Src/stm32h7xx_it.o
 .text.LL_DMA_ClearFlag_TC1
                0x080020d8       0x1c ./Core/Src/stm32h7xx_it.o
 .text.WWDG1_IRQHandler
                0x080020f4       0x10 ./Core/Src/stm32h7xx_it.o
                0x080020f4                WWDG1_IRQHandler
 .text.RCC_IRQHandler
                0x08002104       0x1c ./Core/Src/stm32h7xx_it.o
                0x08002104                RCC_IRQHandler
 .text.NMI_Handler
                0x08002120        0xe ./Core/Src/stm32h7xx_it.o
                0x08002120                NMI_Handler
 .text.HardFault_Handler
                0x0800212e        0x8 ./Core/Src/stm32h7xx_it.o
                0x0800212e                HardFault_Handler
 .text.MemManage_Handler
                0x08002136        0x8 ./Core/Src/stm32h7xx_it.o
                0x08002136                MemManage_Handler
 .text.BusFault_Handler
                0x0800213e        0x8 ./Core/Src/stm32h7xx_it.o
                0x0800213e                BusFault_Handler
 .text.UsageFault_Handler
                0x08002146        0x8 ./Core/Src/stm32h7xx_it.o
                0x08002146                UsageFault_Handler
 .text.SVC_Handler
                0x0800214e        0xe ./Core/Src/stm32h7xx_it.o
                0x0800214e                SVC_Handler
 .text.DebugMon_Handler
                0x0800215c        0xe ./Core/Src/stm32h7xx_it.o
                0x0800215c                DebugMon_Handler
 .text.PendSV_Handler
                0x0800216a        0xe ./Core/Src/stm32h7xx_it.o
                0x0800216a                PendSV_Handler
 .text.SysTick_Handler
                0x08002178        0xe ./Core/Src/stm32h7xx_it.o
                0x08002178                SysTick_Handler
 *fill*         0x08002186        0x2 
 .text.DMA_STR0_IRQHandler
                0x08002188       0xfc ./Core/Src/stm32h7xx_it.o
                0x08002188                DMA_STR0_IRQHandler
 .text.DMA_STR1_IRQHandler
                0x08002284       0xe0 ./Core/Src/stm32h7xx_it.o
                0x08002284                DMA_STR1_IRQHandler
 .text.SystemInit
                0x08002364      0x120 ./Core/Src/system_stm32h7xx.o
                0x08002364                SystemInit
 .text.LL_InitTick
                0x08002484       0x34 ./Drivers/STM32H7xx_HAL_Driver/Src/stm32h7xx_ll_utils.o
 .text.LL_Init1msTick
                0x080024b8       0x1a ./Drivers/STM32H7xx_HAL_Driver/Src/stm32h7xx_ll_utils.o
                0x080024b8                LL_Init1msTick
 *fill*         0x080024d2        0x2 
 .text.LL_mDelay
                0x080024d4       0x50 ./Drivers/STM32H7xx_HAL_Driver/Src/stm32h7xx_ll_utils.o
                0x080024d4                LL_mDelay
 .text.LL_SetSystemCoreClock
                0x08002524       0x20 ./Drivers/STM32H7xx_HAL_Driver/Src/stm32h7xx_ll_utils.o
                0x08002524                LL_SetSystemCoreClock
 .text.Reset_Handler
                0x08002544       0x50 ./Startup/startup_stm32h723zgtx.o
                0x08002544                Reset_Handler
 .text.Default_Handler
                0x08002594        0x2 ./Startup/startup_stm32h723zgtx.o
                0x08002594                HASH_RNG_IRQHandler
                0x08002594                EXTI2_IRQHandler
                0x08002594                TIM8_CC_IRQHandler
                0x08002594                TEMP_IT_IRQHandler
                0x08002594                DMA_STR2_IRQHandler
                0x08002594                UART8_IRQHandler
                0x08002594                SPI4_IRQHandler
                0x08002594                FDCAN3_IT0_IRQHandler
                0x08002594                DMA_STR5_IRQHandler
                0x08002594                DMA2_STR1_IRQHandler
                0x08002594                DMA2_STR5_IRQHandler
                0x08002594                EXTI3_IRQHandler
                0x08002594                LPTIM4_IRQHandler
                0x08002594                TIM8_TRG_COM_TIM14_IRQHandler
                0x08002594                LPTIM2_IRQHandler
                0x08002594                DFSDM1_FLT1_IRQHandler
                0x08002594                DMAMUX2_OVR_IRQHandler
                0x08002594                TIM8_UP_TIM13_IRQHandler
                0x08002594                I2C3_ER_IRQHandler
                0x08002594                DFSDM1_FLT2_IRQHandler
                0x08002594                I2C5_EV_IRQHandler
                0x08002594                USART10_IRQHandler
                0x08002594                MDMA_IRQHandler
                0x08002594                LPTIM3_IRQHandler
                0x08002594                EXTI0_IRQHandler
                0x08002594                I2C2_EV_IRQHandler
                0x08002594                FPU_IRQHandler
                0x08002594                OTG_HS_WKUP_IRQHandler
                0x08002594                FDCAN1_IT1_IRQHandler
                0x08002594                LTDC_ER_IRQHandler
                0x08002594                ADC1_2_IRQHandler
                0x08002594                SPI1_IRQHandler
                0x08002594                OCTOSPI1_IRQHandler
                0x08002594                BDMA_CH2_IRQHandler
                0x08002594                TIM6_DAC_IRQHandler
                0x08002594                DCMI_IRQHandler
                0x08002594                RTC_ALARM_IRQHandler
                0x08002594                CORDIC_IT_IRQHandler
                0x08002594                OCTOSPI2_IRQHandler
                0x08002594                DMA2_STR3_IRQHandler
                0x08002594                DFSDM1_FLT3_IRQHandler
                0x08002594                TIM23_IRQHandler
                0x08002594                USART6_IRQHandler
                0x08002594                BDMA_CH5_IRQHandler
                0x08002594                TIM17_IRQHandler
                0x08002594                BDMA_CH6_IRQHandler
                0x08002594                USART3_IRQHandler
                0x08002594                WKUP_IRQHandler
                0x08002594                BDMA_CH3_IRQHandler
                0x08002594                LPTIM5_IRQHandler
                0x08002594                LPUART_IRQHandler
                0x08002594                UART5_IRQHandler
                0x08002594                ADC3_IRQHandler
                0x08002594                DMA_STR6_IRQHandler
                0x08002594                TIM4_IRQHandler
                0x08002594                I2C1_EV_IRQHandler
                0x08002594                DMA1_STR7_IRQHandler
                0x08002594                TIM16_IRQHandler
                0x08002594                UART4_IRQHandler
                0x08002594                TIM3_IRQHandler
                0x08002594                UART9_IRQHandler
                0x08002594                TIM8_BRK_TIM12_IRQHandler
                0x08002594                TIM1_TRG_COM_IRQHandler
                0x08002594                Default_Handler
                0x08002594                FMAC_IRQHandler
                0x08002594                CEC_IRQHandler
                0x08002594                EXTI15_10_IRQHandler
                0x08002594                BDMA_CH4_IRQHandler
                0x08002594                I2C5_ER_IRQHandler
                0x08002594                DMA_STR3_IRQHandler
                0x08002594                SPI5_IRQHandler
                0x08002594                TIM7_IRQHandler
                0x08002594                FDCAN3_IT1_IRQHandler
                0x08002594                SDMMC1_IRQHandler
                0x08002594                TIM5_IRQHandler
                0x08002594                SPDIF_IRQHandler
                0x08002594                TIM15_IRQHandler
                0x08002594                I2C3_EV_IRQHandler
                0x08002594                EXTI9_5_IRQHandler
                0x08002594                DMA2_STR4_IRQHandler
                0x08002594                RTC_WKUP_IRQHandler
                0x08002594                DMA2_STR6_IRQHandler
                0x08002594                LTDC_IRQHandler
                0x08002594                ETH_WKUP_IRQHandler
                0x08002594                PVD_PVM_IRQHandler
                0x08002594                BDMA_CH0_IRQHandler
                0x08002594                SPI2_IRQHandler
                0x08002594                OTG_HS_EP1_IN_IRQHandler
                0x08002594                DMA2_STR0_IRQHandler
                0x08002594                TIM24_IRQHandler
                0x08002594                CRS_IRQHandler
                0x08002594                EXTI4_IRQHandler
                0x08002594                DMAMUX1_OV_IRQHandler
                0x08002594                FDCAN2_IT1_IRQHandler
                0x08002594                DMA_STR4_IRQHandler
                0x08002594                COMP_IRQHandler
                0x08002594                DMA2_STR2_IRQHandler
                0x08002594                ETH_IRQHandler
                0x08002594                TIM1_UP_IRQHandler
                0x08002594                ECC_DIAG_IT_IRQHandler
                0x08002594                DMA2_STR7_IRQHandler
                0x08002594                OTG_HS_EP1_OUT_IRQHandler
                0x08002594                SPI6_IRQHandler
                0x08002594                MDIOS_IRQHandler
                0x08002594                I2C4_EV_IRQHandler
                0x08002594                FDCAN2_IT0_IRQHandler
                0x08002594                BDMA_CH7_IRQHandler
                0x08002594                FDCAN1_IT0_IRQHandler
                0x08002594                TIM2_IRQHandler
                0x08002594                HSEM0_IRQHandler
                0x08002594                OTG_HS_IRQHandler
                0x08002594                DMA2D_IRQHandler
                0x08002594                TIM1_BRK_IRQHandler
                0x08002594                EXTI1_IRQHandler
                0x08002594                SDMMC2_IRQHandler
                0x08002594                UART7_IRQHandler
                0x08002594                MDIOS_WKUP_IRQHandler
                0x08002594                USART2_IRQHandler
                0x08002594                DFSDM1_FLT0_IRQHandler
                0x08002594                SAI4_IRQHandler
                0x08002594                I2C2_ER_IRQHandler
                0x08002594                FLASH_IRQHandler
                0x08002594                USART1_IRQHandler
                0x08002594                SPI3_IRQHandler
                0x08002594                I2C1_ER_IRQHandler
                0x08002594                FMC_IRQHandler
                0x08002594                BDMA_CH1_IRQHandler
                0x08002594                FDCAN_CAL_IRQHandler
                0x08002594                SWPMI1_IRQHandler
                0x08002594                LPTIM1_IRQHandler
                0x08002594                TIM_CC_IRQHandler
                0x08002594                I2C4_ER_IRQHandler
                0x08002594                SAI1_IRQHandler
                0x08002594                RTC_TAMP_STAMP_CSS_LSE_IRQHandler
 *fill*         0x08002596        0x2 
 .text.__libc_init_array
                0x08002598       0x48 /opt/st/stm32cubeide_2.0.0/plugins/com.st.stm32cube.ide.mcu.externaltools.gnu-tools-for-stm32.13.3.rel1.linux64_1.0.100.202509120712/tools/bin/../lib/gcc/arm-none-eabi/13.3.1/../../../../arm-none-eabi/lib/thumb/v7e-m+dp/hard/libc_nano.a(libc_a-init.o)
                0x08002598                __libc_init_array
 *(.glue_7)
 .glue_7        0x080025e0        0x0 linker stubs
 *(.glue_7t)
 .glue_7t       0x080025e0        0x0 linker stubs
 *(.eh_frame)
 .eh_frame      0x080025e0        0x0 /opt/st/stm32cubeide_2.0.0/plugins/com.st.stm32cube.ide.mcu.externaltools.gnu-tools-for-stm32.13.3.rel1.linux64_1.0.100.202509120712/tools/bin/../lib/gcc/arm-none-eabi/13.3.1/thumb/v7e-m+dp/hard/crtbegin.o
 *(.init)
 .init          0x080025e0        0x4 /opt/st/stm32cubeide_2.0.0/plugins/com.st.stm32cube.ide.mcu.externaltools.gnu-tools-for-stm32.13.3.rel1.linux64_1.0.100.202509120712/tools/bin/../lib/gcc/arm-none-eabi/13.3.1/thumb/v7e-m+dp/hard/crti.o
                0x080025e0                _init
 .init          0x080025e4        0x8 /opt/st/stm32cubeide_2.0.0/plugins/com.st.stm32cube.ide.mcu.externaltools.gnu-tools-for-stm32.13.3.rel1.linux64_1.0.100.202509120712/tools/bin/../lib/gcc/arm-none-eabi/13.3.1/thumb/v7e-m+dp/hard/crtn.o
 *(.fini)
 .fini          0x080025ec        0x4 /opt/st/stm32cubeide_2.0.0/plugins/com.st.stm32cube.ide.mcu.externaltools.gnu-tools-for-stm32.13.3.rel1.linux64_1.0.100.202509120712/tools/bin/../lib/gcc/arm-none-eabi/13.3.1/thumb/v7e-m+dp/hard/crti.o
                0x080025ec                _fini
 .fini          0x080025f0        0x8 /opt/st/stm32cubeide_2.0.0/plugins/com.st.stm32cube.ide.mcu.externaltools.gnu-tools-for-stm32.13.3.rel1.linux64_1.0.100.202509120712/tools/bin/../lib/gcc/arm-none-eabi/13.3.1/thumb/v7e-m+dp/hard/crtn.o
                0x080025f8                        . = ALIGN (0x4)
                0x080025f8                        _etext = .

.vfp11_veneer   0x080025f8        0x0
 .vfp11_veneer  0x080025f8        0x0 linker stubs

.v4_bx          0x080025f8        0x0
 .v4_bx         0x080025f8        0x0 linker stubs

.iplt           0x080025f8        0x0
 .iplt          0x080025f8        0x0 /opt/st/stm32cubeide_2.0.0/plugins/com.st.stm32cube.ide.mcu.externaltools.gnu-tools-for-stm32.13.3.rel1.linux64_1.0.100.202509120712/tools/bin/../lib/gcc/arm-none-eabi/13.3.1/thumb/v7e-m+dp/hard/crtbegin.o

.rodata         0x080025f8        0x8
                0x080025f8                        . = ALIGN (0x4)
 *(.rodata)
 *(.rodata*)
 .rodata.LL_DMA_STR_OFFSET_TAB
                0x080025f8        0x8 ./Core/Src/main.o
                0x08002600                        . = ALIGN (0x4)

.ARM.extab
 *(.ARM.extab* .gnu.linkonce.armextab.*)

.ARM            0x08002600        0x0
                0x08002600                        __exidx_start = .
 *(.ARM.exidx*)
                0x08002600                        __exidx_end = .

.preinit_array  0x08002600        0x0
                0x08002600                        PROVIDE (__preinit_array_start = .)
 *(.preinit_array*)
                0x08002600                        PROVIDE (__preinit_array_end = .)

.init_array     0x08002600        0x4
                0x08002600                        PROVIDE (__init_array_start = .)
 *(SORT_BY_NAME(.init_array.*))
 *(.init_array*)
 .init_array    0x08002600        0x4 /opt/st/stm32cubeide_2.0.0/plugins/com.st.stm32cube.ide.mcu.externaltools.gnu-tools-for-stm32.13.3.rel1.linux64_1.0.100.202509120712/tools/bin/../lib/gcc/arm-none-eabi/13.3.1/thumb/v7e-m+dp/hard/crtbegin.o
                0x08002604                        PROVIDE (__init_array_end = .)

.fini_array     0x08002604        0x4
                [!provide]                        PROVIDE (__fini_array_start = .)
 *(SORT_BY_NAME(.fini_array.*))
 *(.fini_array*)
 .fini_array    0x08002604        0x4 /opt/st/stm32cubeide_2.0.0/plugins/com.st.stm32cube.ide.mcu.externaltools.gnu-tools-for-stm32.13.3.rel1.linux64_1.0.100.202509120712/tools/bin/../lib/gcc/arm-none-eabi/13.3.1/thumb/v7e-m+dp/hard/crtbegin.o
                [!provide]                        PROVIDE (__fini_array_end = .)
                0x08002608                        _sidata = LOADADDR (.data)

.rel.dyn        0x08002608        0x0
 .rel.iplt      0x08002608        0x0 /opt/st/stm32cubeide_2.0.0/plugins/com.st.stm32cube.ide.mcu.externaltools.gnu-tools-for-stm32.13.3.rel1.linux64_1.0.100.202509120712/tools/bin/../lib/gcc/arm-none-eabi/13.3.1/thumb/v7e-m+dp/hard/crtbegin.o

.data           0x24000000       0x10 load address 0x08002608
                0x24000000                        . = ALIGN (0x4)
                0x24000000                        _sdata = .
 *(.data)
 *(.data*)
 .data.pcm3060_shadow
                0x24000000        0xa ./Core/Src/pcm3060.o
 *fill*         0x2400000a        0x2 
 .data.SystemCoreClock
                0x2400000c        0x4 ./Core/Src/system_stm32h7xx.o
                0x2400000c                SystemCoreClock
 *(.RamFunc)
 *(.RamFunc*)
                0x24000010                        . = ALIGN (0x4)
                0x24000010                        _edata = .

.igot.plt       0x24000010        0x0 load address 0x08002618
 .igot.plt      0x24000010        0x0 /opt/st/stm32cubeide_2.0.0/plugins/com.st.stm32cube.ide.mcu.externaltools.gnu-tools-for-stm32.13.3.rel1.linux64_1.0.100.202509120712/tools/bin/../lib/gcc/arm-none-eabi/13.3.1/thumb/v7e-m+dp/hard/crtbegin.o

.RAM_D1         0x24000020     0x1000 load address 0x08002618
 .RAM_D1        0x24000020     0x1000 ./Core/Src/main.o
                0x24000020                tx_buffer
                0x24000820                rx_buffer
                0x24001020                        . = ALIGN (0x4)

.bss            0x24001020       0x24 load address 0x08003618
                0x24001020                        _sbss = .
                0x24001020                        __bss_start__ = _sbss
 *(.bss)
 .bss           0x24001020       0x1c /opt/st/stm32cubeide_2.0.0/plugins/com.st.stm32cube.ide.mcu.externaltools.gnu-tools-for-stm32.13.3.rel1.linux64_1.0.100.202509120712/tools/bin/../lib/gcc/arm-none-eabi/13.3.1/thumb/v7e-m+dp/hard/crtbegin.o
 *(.bss*)
 .bss.sawtooth_accumulator.0
                0x2400103c        0x4 ./Core/Src/main.o
 .bss.audio_buffer_ready
                0x24001040        0x1 ./Core/Src/stm32h7xx_it.o
                0x24001040                audio_buffer_ready
 *(COMMON)
                0x24001044                        . = ALIGN (0x4)
 *fill*         0x24001041        0x3 
                0x24001044                        _ebss = .
                0x24001044                        __bss_end__ = _ebss

._user_heap_stack
                0x24001044      0x604 load address 0x08003618
                0x24001048                        . = ALIGN (0x8)
 *fill*         0x24001044        0x4 
                [!provide]                        PROVIDE (end = .)
                0x24001048                        PROVIDE (_end = .)
                0x24001248                        . = (. + _Min_Heap_Size)
 *fill*         0x24001048      0x200 
                0x24001648                        . = (. + _Min_Stack_Size)
 *fill*         0x24001248      0x400 
                0x24001648                        . = ALIGN (0x8)

.sram1_data     0x30000000        0x0
                0x30000000                        . = ALIGN (0x20)
 *(.sram1_data)
                0x30000000                        . = ALIGN (0x20)

/DISCARD/
 libc.a(*)
 libm.a(*)
 libgcc.a(*)

.ARM.attributes
                0x00000000       0x2e
 *(.ARM.attributes)
 .ARM.attributes
                0x00000000       0x20 /opt/st/stm32cubeide_2.0.0/plugins/com.st.stm32cube.ide.mcu.externaltools.gnu-tools-for-stm32.13.3.rel1.linux64_1.0.100.202509120712/tools/bin/../lib/gcc/arm-none-eabi/13.3.1/thumb/v7e-m+dp/hard/crti.o
 .ARM.attributes
                0x00000020       0x32 /opt/st/stm32cubeide_2.0.0/plugins/com.st.stm32cube.ide.mcu.externaltools.gnu-tools-for-stm32.13.3.rel1.linux64_1.0.100.202509120712/tools/bin/../lib/gcc/arm-none-eabi/13.3.1/thumb/v7e-m+dp/hard/crtbegin.o
 .ARM.attributes
                0x00000052       0x32 ./Core/Src/main.o
 .ARM.attributes
                0x00000084       0x32 ./Core/Src/pcm3060.o
 .ARM.attributes
                0x000000b6       0x32 ./Core/Src/stm32h7xx_it.o
 .ARM.attributes
                0x000000e8       0x32 ./Core/Src/system_stm32h7xx.o
 .ARM.attributes
                0x0000011a       0x32 ./Drivers/STM32H7xx_HAL_Driver/Src/stm32h7xx_ll_utils.o
 .ARM.attributes
                0x0000014c       0x21 ./Startup/startup_stm32h723zgtx.o
 .ARM.attributes
                0x0000016d       0x32 /opt/st/stm32cubeide_2.0.0/plugins/com.st.stm32cube.ide.mcu.externaltools.gnu-tools-for-stm32.13.3.rel1.linux64_1.0.100.202509120712/tools/bin/../lib/gcc/arm-none-eabi/13.3.1/../../../../arm-none-eabi/lib/thumb/v7e-m+dp/hard/libc_nano.a(libc_a-init.o)
 .ARM.attributes
                0x0000019f       0x20 /opt/st/stm32cubeide_2.0.0/plugins/com.st.stm32cube.ide.mcu.externaltools.gnu-tools-for-stm32.13.3.rel1.linux64_1.0.100.202509120712/tools/bin/../lib/gcc/arm-none-eabi/13.3.1/thumb/v7e-m+dp/hard/crtn.o
OUTPUT(new_pcm_3060.elf elf32-littlearm)
LOAD linker stubs
LOAD /opt/st/stm32cubeide_2.0.0/plugins/com.st.stm32cube.ide.mcu.externaltools.gnu-tools-for-stm32.13.3.rel1.linux64_1.0.100.202509120712/tools/bin/../lib/gcc/arm-none-eabi/13.3.1/../../../../arm-none-eabi/lib/thumb/v7e-m+dp/hard/libc.a
LOAD /opt/st/stm32cubeide_2.0.0/plugins/com.st.stm32cube.ide.mcu.externaltools.gnu-tools-for-stm32.13.3.rel1.linux64_1.0.100.202509120712/tools/bin/../lib/gcc/arm-none-eabi/13.3.1/../../../../arm-none-eabi/lib/thumb/v7e-m+dp/hard/libm.a
LOAD /opt/st/stm32cubeide_2.0.0/plugins/com.st.stm32cube.ide.mcu.externaltools.gnu-tools-for-stm32.13.3.rel1.linux64_1.0.100.202509120712/tools/bin/../lib/gcc/arm-none-eabi/13.3.1/thumb/v7e-m+dp/hard/libgcc.a

.debug_info     0x00000000     0x5569
 .debug_info    0x00000000     0x273a ./Core/Src/main.o
 .debug_info    0x0000273a      0x519 ./Core/Src/pcm3060.o
 .debug_info    0x00002c53      0xe5b ./Core/Src/stm32h7xx_it.o
 .debug_info    0x00003aae      0xb50 ./Core/Src/system_stm32h7xx.o
 .debug_info    0x000045fe      0xf3b ./Drivers/STM32H7xx_HAL_Driver/Src/stm32h7xx_ll_utils.o
 .debug_info    0x00005539       0x30 ./Startup/startup_stm32h723zgtx.o

.debug_abbrev   0x00000000      0xafb
 .debug_abbrev  0x00000000      0x36c ./Core/Src/main.o
 .debug_abbrev  0x0000036c      0x17c ./Core/Src/pcm3060.o
 .debug_abbrev  0x000004e8      0x249 ./Core/Src/stm32h7xx_it.o
 .debug_abbrev  0x00000731      0x153 ./Core/Src/system_stm32h7xx.o
 .debug_abbrev  0x00000884      0x253 ./Drivers/STM32H7xx_HAL_Driver/Src/stm32h7xx_ll_utils.o
 .debug_abbrev  0x00000ad7       0x24 ./Startup/startup_stm32h723zgtx.o

.debug_aranges  0x00000000      0x5e0
 .debug_aranges
                0x00000000      0x2e0 ./Core/Src/main.o
 .debug_aranges
                0x000002e0       0x78 ./Core/Src/pcm3060.o
 .debug_aranges
                0x00000358       0xc8 ./Core/Src/stm32h7xx_it.o
 .debug_aranges
                0x00000420       0x30 ./Core/Src/system_stm32h7xx.o
 .debug_aranges
                0x00000450      0x168 ./Drivers/STM32H7xx_HAL_Driver/Src/stm32h7xx_ll_utils.o
 .debug_aranges
                0x000005b8       0x28 ./Startup/startup_stm32h723zgtx.o

.debug_rnglists
                0x00000000      0x45a
 .debug_rnglists
                0x00000000      0x229 ./Core/Src/main.o
 .debug_rnglists
                0x00000229       0x56 ./Core/Src/pcm3060.o
 .debug_rnglists
                0x0000027f       0x93 ./Core/Src/stm32h7xx_it.o
 .debug_rnglists
                0x00000312       0x21 ./Core/Src/system_stm32h7xx.o
 .debug_rnglists
                0x00000333      0x10e ./Drivers/STM32H7xx_HAL_Driver/Src/stm32h7xx_ll_utils.o
 .debug_rnglists
                0x00000441       0x19 ./Startup/startup_stm32h723zgtx.o

.debug_macro    0x00000000    0x27cdb
 .debug_macro   0x00000000      0x247 ./Core/Src/main.o
 .debug_macro   0x00000247      0xaf6 ./Core/Src/main.o
 .debug_macro   0x00000d3d       0x22 ./Core/Src/main.o
 .debug_macro   0x00000d5f       0x8e ./Core/Src/main.o
 .debug_macro   0x00000ded       0x51 ./Core/Src/main.o
 .debug_macro   0x00000e3e      0x103 ./Core/Src/main.o
 .debug_macro   0x00000f41       0x6a ./Core/Src/main.o
 .debug_macro   0x00000fab      0x1df ./Core/Src/main.o
 .debug_macro   0x0000118a       0x2e ./Core/Src/main.o
 .debug_macro   0x000011b8       0x3b ./Core/Src/main.o
 .debug_macro   0x000011f3       0x1c ./Core/Src/main.o
 .debug_macro   0x0000120f       0x22 ./Core/Src/main.o
 .debug_macro   0x00001231       0xfb ./Core/Src/main.o
 .debug_macro   0x0000132c     0x1313 ./Core/Src/main.o
 .debug_macro   0x0000263f      0x11f ./Core/Src/main.o
 .debug_macro   0x0000275e       0x22 ./Core/Src/main.o
 .debug_macro   0x00002780    0x216c1 ./Core/Src/main.o
 .debug_macro   0x00023e41       0x6d ./Core/Src/main.o
 .debug_macro   0x00023eae       0x61 ./Core/Src/main.o
 .debug_macro   0x00023f0f       0x29 ./Core/Src/main.o
 .debug_macro   0x00023f38       0x43 ./Core/Src/main.o
 .debug_macro   0x00023f7b       0x34 ./Core/Src/main.o
 .debug_macro   0x00023faf      0x190 ./Core/Src/main.o
 .debug_macro   0x0002413f      0x370 ./Core/Src/main.o
 .debug_macro   0x000244af       0x16 ./Core/Src/main.o
 .debug_macro   0x000244c5       0x4a ./Core/Src/main.o
 .debug_macro   0x0002450f       0x34 ./Core/Src/main.o
 .debug_macro   0x00024543       0x10 ./Core/Src/main.o
 .debug_macro   0x00024553       0x58 ./Core/Src/main.o
 .debug_macro   0x000245ab       0x8e ./Core/Src/main.o
 .debug_macro   0x00024639       0x1c ./Core/Src/main.o
 .debug_macro   0x00024655      0x185 ./Core/Src/main.o
 .debug_macro   0x000247da      0x19b ./Core/Src/main.o
 .debug_macro   0x00024975      0x9e3 ./Core/Src/main.o
 .debug_macro   0x00025358      0x165 ./Core/Src/main.o
 .debug_macro   0x000254bd      0x631 ./Core/Src/main.o
 .debug_macro   0x00025aee      0x7f5 ./Core/Src/main.o
 .debug_macro   0x000262e3      0x1ae ./Core/Src/main.o
 .debug_macro   0x00026491      0x1d0 ./Core/Src/main.o
 .debug_macro   0x00026661      0x3bb ./Core/Src/main.o
 .debug_macro   0x00026a1c      0x351 ./Core/Src/main.o
 .debug_macro   0x00026d6d       0x77 ./Core/Src/main.o
 .debug_macro   0x00026de4       0x1c ./Core/Src/main.o
 .debug_macro   0x00026e00       0x16 ./Core/Src/main.o
 .debug_macro   0x00026e16       0x3c ./Core/Src/main.o
 .debug_macro   0x00026e52       0x20 ./Core/Src/main.o
 .debug_macro   0x00026e72       0x3a ./Core/Src/main.o
 .debug_macro   0x00026eac      0x126 ./Core/Src/pcm3060.o
 .debug_macro   0x00026fd2      0x62b ./Core/Src/pcm3060.o
 .debug_macro   0x000275fd       0x34 ./Core/Src/pcm3060.o
 .debug_macro   0x00027631      0x212 ./Core/Src/stm32h7xx_it.o
 .debug_macro   0x00027843      0x19a ./Core/Src/system_stm32h7xx.o
 .debug_macro   0x000279dd      0x2fe ./Drivers/STM32H7xx_HAL_Driver/Src/stm32h7xx_ll_utils.o

.debug_line     0x00000000     0x3f71
 .debug_line    0x00000000     0x16fb ./Core/Src/main.o
 .debug_line    0x000016fb      0x7c2 ./Core/Src/pcm3060.o
 .debug_line    0x00001ebd      0xaf7 ./Core/Src/stm32h7xx_it.o
 .debug_line    0x000029b4      0x7b5 ./Core/Src/system_stm32h7xx.o
 .debug_line    0x00003169      0xd8d ./Drivers/STM32H7xx_HAL_Driver/Src/stm32h7xx_ll_utils.o
 .debug_line    0x00003ef6       0x7b ./Startup/startup_stm32h723zgtx.o

.debug_str      0x00000000    0xe919c
 .debug_str     0x00000000    0xe919c ./Core/Src/main.o
                              0xe7acb (size before relaxing)
 .debug_str     0x000e919c        0x0 ./Core/Src/pcm3060.o
                              0xd6ae3 (size before relaxing)
 .debug_str     0x000e919c        0x0 ./Core/Src/stm32h7xx_it.o
                              0xe6729 (size before relaxing)
 .debug_str     0x000e919c        0x0 ./Core/Src/system_stm32h7xx.o
                              0xd3eed (size before relaxing)
 .debug_str     0x000e919c        0x0 ./Drivers/STM32H7xx_HAL_Driver/Src/stm32h7xx_ll_utils.o
                              0xe06f0 (size before relaxing)
 .debug_str     0x000e919c        0x0 ./Startup/startup_stm32h723zgtx.o
                                 0x77 (size before relaxing)

.comment        0x00000000       0x43
 .comment       0x00000000       0x43 ./Core/Src/main.o
                                 0x44 (size before relaxing)
 .comment       0x00000043        0x0 ./Core/Src/pcm3060.o
                                 0x44 (size before relaxing)
 .comment       0x00000043        0x0 ./Core/Src/stm32h7xx_it.o
                                 0x44 (size before relaxing)
 .comment       0x00000043        0x0 ./Core/Src/system_stm32h7xx.o
                                 0x44 (size before relaxing)
 .comment       0x00000043        0x0 ./Drivers/STM32H7xx_HAL_Driver/Src/stm32h7xx_ll_utils.o
                                 0x44 (size before relaxing)

.debug_frame    0x00000000     0x1884
 .debug_frame   0x00000000      0xd0c ./Core/Src/main.o
 .debug_frame   0x00000d0c      0x1e0 ./Core/Src/pcm3060.o
 .debug_frame   0x00000eec      0x300 ./Core/Src/stm32h7xx_it.o
 .debug_frame   0x000011ec       0x68 ./Core/Src/system_stm32h7xx.o
 .debug_frame   0x00001254      0x604 ./Drivers/STM32H7xx_HAL_Driver/Src/stm32h7xx_ll_utils.o
 .debug_frame   0x00001858       0x2c /opt/st/stm32cubeide_2.0.0/plugins/com.st.stm32cube.ide.mcu.externaltools.gnu-tools-for-stm32.13.3.rel1.linux64_1.0.100.202509120712/tools/bin/../lib/gcc/arm-none-eabi/13.3.1/../../../../arm-none-eabi/lib/thumb/v7e-m+dp/hard/libc_nano.a(libc_a-init.o)

.debug_line_str
                0x00000000       0x5b
 .debug_line_str
                0x00000000       0x5b ./Startup/startup_stm32h723zgtx.o
