/home/neill-lambert/Documents/github/new_pcm_3060/Drivers/STM32H7xx_HAL_Driver/Inc/stm32h7xx_ll_rtc.h:903:22:LL_RTC_SetHourFormat	16	static
/home/neill-lambert/Documents/github/new_pcm_3060/Drivers/STM32H7xx_HAL_Driver/Inc/stm32h7xx_ll_rtc.h:916:26:LL_RTC_GetHourFormat	16	static
/home/neill-lambert/Documents/github/new_pcm_3060/Drivers/STM32H7xx_HAL_Driver/Inc/stm32h7xx_ll_rtc.h:1049:22:LL_RTC_EnableInitMode	16	static
/home/neill-lambert/Documents/github/new_pcm_3060/Drivers/STM32H7xx_HAL_Driver/Inc/stm32h7xx_ll_rtc.h:1061:22:LL_RTC_DisableInitMode	16	static
/home/neill-lambert/Documents/github/new_pcm_3060/Drivers/STM32H7xx_HAL_Driver/Inc/stm32h7xx_ll_rtc.h:1125:26:LL_RTC_IsShadowRegBypassEnabled	16	static
/home/neill-lambert/Documents/github/new_pcm_3060/Drivers/STM32H7xx_HAL_Driver/Inc/stm32h7xx_ll_rtc.h:1163:22:LL_RTC_SetAsynchPrescaler	16	static
/home/neill-lambert/Documents/github/new_pcm_3060/Drivers/STM32H7xx_HAL_Driver/Inc/stm32h7xx_ll_rtc.h:1175:22:LL_RTC_SetSynchPrescaler	16	static
/home/neill-lambert/Documents/github/new_pcm_3060/Drivers/STM32H7xx_HAL_Driver/Inc/stm32h7xx_ll_rtc.h:1208:22:LL_RTC_EnableWriteProtection	16	static
/home/neill-lambert/Documents/github/new_pcm_3060/Drivers/STM32H7xx_HAL_Driver/Inc/stm32h7xx_ll_rtc.h:1219:22:LL_RTC_DisableWriteProtection	16	static
/home/neill-lambert/Documents/github/new_pcm_3060/Drivers/STM32H7xx_HAL_Driver/Inc/stm32h7xx_ll_rtc.h:1520:22:LL_RTC_TIME_Config	32	static
/home/neill-lambert/Documents/github/new_pcm_3060/Drivers/STM32H7xx_HAL_Driver/Inc/stm32h7xx_ll_rtc.h:1850:22:LL_RTC_DATE_Config	32	static
/home/neill-lambert/Documents/github/new_pcm_3060/Drivers/STM32H7xx_HAL_Driver/Inc/stm32h7xx_ll_rtc.h:1937:22:LL_RTC_ALMA_SetMask	16	static
/home/neill-lambert/Documents/github/new_pcm_3060/Drivers/STM32H7xx_HAL_Driver/Inc/stm32h7xx_ll_rtc.h:1968:22:LL_RTC_ALMA_EnableWeekday	16	static
/home/neill-lambert/Documents/github/new_pcm_3060/Drivers/STM32H7xx_HAL_Driver/Inc/stm32h7xx_ll_rtc.h:1979:22:LL_RTC_ALMA_DisableWeekday	16	static
/home/neill-lambert/Documents/github/new_pcm_3060/Drivers/STM32H7xx_HAL_Driver/Inc/stm32h7xx_ll_rtc.h:1993:22:LL_RTC_ALMA_SetDay	16	static
/home/neill-lambert/Documents/github/new_pcm_3060/Drivers/STM32H7xx_HAL_Driver/Inc/stm32h7xx_ll_rtc.h:2026:22:LL_RTC_ALMA_SetWeekDay	16	static
/home/neill-lambert/Documents/github/new_pcm_3060/Drivers/STM32H7xx_HAL_Driver/Inc/stm32h7xx_ll_rtc.h:2178:22:LL_RTC_ALMA_ConfigTime	32	static
/home/neill-lambert/Documents/github/new_pcm_3060/Drivers/STM32H7xx_HAL_Driver/Inc/stm32h7xx_ll_rtc.h:2303:22:LL_RTC_ALMB_SetMask	16	static
/home/neill-lambert/Documents/github/new_pcm_3060/Drivers/STM32H7xx_HAL_Driver/Inc/stm32h7xx_ll_rtc.h:2334:22:LL_RTC_ALMB_EnableWeekday	16	static
/home/neill-lambert/Documents/github/new_pcm_3060/Drivers/STM32H7xx_HAL_Driver/Inc/stm32h7xx_ll_rtc.h:2345:22:LL_RTC_ALMB_DisableWeekday	16	static
/home/neill-lambert/Documents/github/new_pcm_3060/Drivers/STM32H7xx_HAL_Driver/Inc/stm32h7xx_ll_rtc.h:2359:22:LL_RTC_ALMB_SetDay	16	static
/home/neill-lambert/Documents/github/new_pcm_3060/Drivers/STM32H7xx_HAL_Driver/Inc/stm32h7xx_ll_rtc.h:2392:22:LL_RTC_ALMB_SetWeekDay	16	static
/home/neill-lambert/Documents/github/new_pcm_3060/Drivers/STM32H7xx_HAL_Driver/Inc/stm32h7xx_ll_rtc.h:2544:22:LL_RTC_ALMB_ConfigTime	32	static
/home/neill-lambert/Documents/github/new_pcm_3060/Drivers/STM32H7xx_HAL_Driver/Inc/stm32h7xx_ll_rtc.h:4149:26:LL_RTC_IsActiveFlag_INIT	16	static
/home/neill-lambert/Documents/github/new_pcm_3060/Drivers/STM32H7xx_HAL_Driver/Inc/stm32h7xx_ll_rtc.h:4160:26:LL_RTC_IsActiveFlag_RS	16	static
/home/neill-lambert/Documents/github/new_pcm_3060/Drivers/STM32H7xx_HAL_Driver/Inc/stm32h7xx_ll_rtc.h:4171:22:LL_RTC_ClearFlag_RS	16	static
/home/neill-lambert/Documents/github/new_pcm_3060/Drivers/STM32H7xx_HAL_Driver/Inc/stm32h7xx_ll_cortex.h:241:26:LL_SYSTICK_IsActiveCounterFlag	4	static
../Drivers/STM32H7xx_HAL_Driver/Src/stm32h7xx_ll_rtc.c:137:13:LL_RTC_DeInit	24	static
../Drivers/STM32H7xx_HAL_Driver/Src/stm32h7xx_ll_rtc.c:211:13:LL_RTC_Init	24	static
../Drivers/STM32H7xx_HAL_Driver/Src/stm32h7xx_ll_rtc.c:250:6:LL_RTC_StructInit	16	static
../Drivers/STM32H7xx_HAL_Driver/Src/stm32h7xx_ll_rtc.c:270:13:LL_RTC_TIME_Init	56	static
../Drivers/STM32H7xx_HAL_Driver/Src/stm32h7xx_ll_rtc.c:352:6:LL_RTC_TIME_StructInit	16	static
../Drivers/STM32H7xx_HAL_Driver/Src/stm32h7xx_ll_rtc.c:373:13:LL_RTC_DATE_Init	56	static
../Drivers/STM32H7xx_HAL_Driver/Src/stm32h7xx_ll_rtc.c:440:6:LL_RTC_DATE_StructInit	16	static
../Drivers/STM32H7xx_HAL_Driver/Src/stm32h7xx_ll_rtc.c:463:13:LL_RTC_ALMA_Init	48	static
../Drivers/STM32H7xx_HAL_Driver/Src/stm32h7xx_ll_rtc.c:581:13:LL_RTC_ALMB_Init	48	static
../Drivers/STM32H7xx_HAL_Driver/Src/stm32h7xx_ll_rtc.c:691:6:LL_RTC_ALMA_StructInit	16	static
../Drivers/STM32H7xx_HAL_Driver/Src/stm32h7xx_ll_rtc.c:713:6:LL_RTC_ALMB_StructInit	16	static
../Drivers/STM32H7xx_HAL_Driver/Src/stm32h7xx_ll_rtc.c:738:13:LL_RTC_EnterInitMode	32	static
../Drivers/STM32H7xx_HAL_Driver/Src/stm32h7xx_ll_rtc.c:782:13:LL_RTC_ExitInitMode	16	static
../Drivers/STM32H7xx_HAL_Driver/Src/stm32h7xx_ll_rtc.c:809:13:LL_RTC_WaitForSynchro	32	static
