/home/neill-lambert/Documents/github/new_pcm_3060/Drivers/STM32H7xx_HAL_Driver/Inc/stm32h7xx_ll_dma2d.h:585:26:LL_DMA2D_IsTransferOngoing	16	static
/home/neill-lambert/Documents/github/new_pcm_3060/Drivers/STM32H7xx_HAL_Driver/Inc/stm32h7xx_ll_dma2d.h:836:22:LL_DMA2D_SetLineOffset	16	static
/home/neill-lambert/Documents/github/new_pcm_3060/Drivers/STM32H7xx_HAL_Driver/Inc/stm32h7xx_ll_dma2d.h:905:22:LL_DMA2D_SetOutputMemAddr	16	static
/home/neill-lambert/Documents/github/new_pcm_3060/Drivers/STM32H7xx_HAL_Driver/Inc/stm32h7xx_ll_dma2d.h:935:22:LL_DMA2D_SetOutputColor	16	static
/home/neill-lambert/Documents/github/new_pcm_3060/Drivers/STM32H7xx_HAL_Driver/Inc/stm32h7xx_ll_dma2d.h:1048:22:LL_DMA2D_FGND_SetMemAddr	16	static
/home/neill-lambert/Documents/github/new_pcm_3060/Drivers/STM32H7xx_HAL_Driver/Inc/stm32h7xx_ll_dma2d.h:1081:26:LL_DMA2D_FGND_IsEnabledCLUTLoad	16	static
/home/neill-lambert/Documents/github/new_pcm_3060/Drivers/STM32H7xx_HAL_Driver/Inc/stm32h7xx_ll_dma2d.h:1244:22:LL_DMA2D_FGND_SetLineOffset	16	static
/home/neill-lambert/Documents/github/new_pcm_3060/Drivers/STM32H7xx_HAL_Driver/Inc/stm32h7xx_ll_dma2d.h:1271:22:LL_DMA2D_FGND_SetColor	24	static
/home/neill-lambert/Documents/github/new_pcm_3060/Drivers/STM32H7xx_HAL_Driver/Inc/stm32h7xx_ll_dma2d.h:1353:22:LL_DMA2D_FGND_SetCLUTMemAddr	16	static
/home/neill-lambert/Documents/github/new_pcm_3060/Drivers/STM32H7xx_HAL_Driver/Inc/stm32h7xx_ll_dma2d.h:1462:22:LL_DMA2D_BGND_SetMemAddr	16	static
/home/neill-lambert/Documents/github/new_pcm_3060/Drivers/STM32H7xx_HAL_Driver/Inc/stm32h7xx_ll_dma2d.h:1495:26:LL_DMA2D_BGND_IsEnabledCLUTLoad	16	static
/home/neill-lambert/Documents/github/new_pcm_3060/Drivers/STM32H7xx_HAL_Driver/Inc/stm32h7xx_ll_dma2d.h:1658:22:LL_DMA2D_BGND_SetLineOffset	16	static
/home/neill-lambert/Documents/github/new_pcm_3060/Drivers/STM32H7xx_HAL_Driver/Inc/stm32h7xx_ll_dma2d.h:1685:22:LL_DMA2D_BGND_SetColor	24	static
/home/neill-lambert/Documents/github/new_pcm_3060/Drivers/STM32H7xx_HAL_Driver/Inc/stm32h7xx_ll_dma2d.h:1767:22:LL_DMA2D_BGND_SetCLUTMemAddr	16	static
/home/neill-lambert/Documents/github/new_pcm_3060/Drivers/STM32H7xx_HAL_Driver/Inc/stm32h7xx_ll_bus.h:698:22:LL_AHB3_GRP1_ForceReset	16	static
/home/neill-lambert/Documents/github/new_pcm_3060/Drivers/STM32H7xx_HAL_Driver/Inc/stm32h7xx_ll_bus.h:734:22:LL_AHB3_GRP1_ReleaseReset	16	static
../Drivers/STM32H7xx_HAL_Driver/Src/stm32h7xx_ll_dma2d.c:139:13:LL_DMA2D_DeInit	24	static
../Drivers/STM32H7xx_HAL_Driver/Src/stm32h7xx_ll_dma2d.c:173:13:LL_DMA2D_Init	64	static
../Drivers/STM32H7xx_HAL_Driver/Src/stm32h7xx_ll_dma2d.c:252:6:LL_DMA2D_StructInit	16	static
../Drivers/STM32H7xx_HAL_Driver/Src/stm32h7xx_ll_dma2d.c:282:6:LL_DMA2D_ConfigLayer	24	static
../Drivers/STM32H7xx_HAL_Driver/Src/stm32h7xx_ll_dma2d.c:355:6:LL_DMA2D_LayerCfgStructInit	16	static
../Drivers/STM32H7xx_HAL_Driver/Src/stm32h7xx_ll_dma2d.c:382:6:LL_DMA2D_ConfigOutputColor	32	static
../Drivers/STM32H7xx_HAL_Driver/Src/stm32h7xx_ll_dma2d.c:441:10:LL_DMA2D_GetOutputBlueColor	24	static
../Drivers/STM32H7xx_HAL_Driver/Src/stm32h7xx_ll_dma2d.c:485:10:LL_DMA2D_GetOutputGreenColor	24	static
../Drivers/STM32H7xx_HAL_Driver/Src/stm32h7xx_ll_dma2d.c:529:10:LL_DMA2D_GetOutputRedColor	24	static
../Drivers/STM32H7xx_HAL_Driver/Src/stm32h7xx_ll_dma2d.c:573:10:LL_DMA2D_GetOutputAlphaColor	24	static
../Drivers/STM32H7xx_HAL_Driver/Src/stm32h7xx_ll_dma2d.c:609:6:LL_DMA2D_ConfigSize	24	static
