/home/neill-lambert/Documents/github/new_pcm_3060/Drivers/STM32H7xx_HAL_Driver/Inc/stm32h7xx_ll_mdma.h:721:22:LL_MDMA_DisableChannel	24	static
/home/neill-lambert/Documents/github/new_pcm_3060/Drivers/STM32H7xx_HAL_Driver/Inc/stm32h7xx_ll_mdma.h:817:22:LL_MDMA_ConfigXferEndianness	32	static
/home/neill-lambert/Documents/github/new_pcm_3060/Drivers/STM32H7xx_HAL_Driver/Inc/stm32h7xx_ll_mdma.h:1051:22:LL_MDMA_SetChannelPriorityLevel	32	static
/home/neill-lambert/Documents/github/new_pcm_3060/Drivers/STM32H7xx_HAL_Driver/Inc/stm32h7xx_ll_mdma.h:1146:22:LL_MDMA_ConfigTransfer	32	static
/home/neill-lambert/Documents/github/new_pcm_3060/Drivers/STM32H7xx_HAL_Driver/Inc/stm32h7xx_ll_mdma.h:2200:22:LL_MDMA_ConfigBlkCounters	32	static
/home/neill-lambert/Documents/github/new_pcm_3060/Drivers/STM32H7xx_HAL_Driver/Inc/stm32h7xx_ll_mdma.h:2361:22:LL_MDMA_ConfigBlkRepeatAddrUpdate	32	static
/home/neill-lambert/Documents/github/new_pcm_3060/Drivers/STM32H7xx_HAL_Driver/Inc/stm32h7xx_ll_mdma.h:2560:22:LL_MDMA_SetSourceAddress	32	static
/home/neill-lambert/Documents/github/new_pcm_3060/Drivers/STM32H7xx_HAL_Driver/Inc/stm32h7xx_ll_mdma.h:2622:22:LL_MDMA_SetDestinationAddress	32	static
/home/neill-lambert/Documents/github/new_pcm_3060/Drivers/STM32H7xx_HAL_Driver/Inc/stm32h7xx_ll_mdma.h:2687:22:LL_MDMA_ConfigBlkRptAddrUpdateValue	32	static
/home/neill-lambert/Documents/github/new_pcm_3060/Drivers/STM32H7xx_HAL_Driver/Inc/stm32h7xx_ll_mdma.h:2844:22:LL_MDMA_SetLinkAddress	32	static
/home/neill-lambert/Documents/github/new_pcm_3060/Drivers/STM32H7xx_HAL_Driver/Inc/stm32h7xx_ll_mdma.h:2909:22:LL_MDMA_ConfigBusSelection	32	static
/home/neill-lambert/Documents/github/new_pcm_3060/Drivers/STM32H7xx_HAL_Driver/Inc/stm32h7xx_ll_mdma.h:3111:22:LL_MDMA_SetHWTrigger	32	static
/home/neill-lambert/Documents/github/new_pcm_3060/Drivers/STM32H7xx_HAL_Driver/Inc/stm32h7xx_ll_mdma.h:3210:22:LL_MDMA_SetMaskAddress	32	static
/home/neill-lambert/Documents/github/new_pcm_3060/Drivers/STM32H7xx_HAL_Driver/Inc/stm32h7xx_ll_mdma.h:3272:22:LL_MDMA_SetMaskData	32	static
/home/neill-lambert/Documents/github/new_pcm_3060/Drivers/STM32H7xx_HAL_Driver/Inc/stm32h7xx_ll_bus.h:698:22:LL_AHB3_GRP1_ForceReset	16	static
/home/neill-lambert/Documents/github/new_pcm_3060/Drivers/STM32H7xx_HAL_Driver/Inc/stm32h7xx_ll_bus.h:734:22:LL_AHB3_GRP1_ReleaseReset	16	static
../Drivers/STM32H7xx_HAL_Driver/Src/stm32h7xx_ll_mdma.c:358:10:LL_MDMA_DeInit	24	static
../Drivers/STM32H7xx_HAL_Driver/Src/stm32h7xx_ll_mdma.c:444:10:LL_MDMA_Init	24	static
../Drivers/STM32H7xx_HAL_Driver/Src/stm32h7xx_ll_mdma.c:593:6:LL_MDMA_StructInit	16	static
../Drivers/STM32H7xx_HAL_Driver/Src/stm32h7xx_ll_mdma.c:638:6:LL_MDMA_CreateLinkNode	16	static
../Drivers/STM32H7xx_HAL_Driver/Src/stm32h7xx_ll_mdma.c:773:6:LL_MDMA_ConnectLinkNode	16	static
../Drivers/STM32H7xx_HAL_Driver/Src/stm32h7xx_ll_mdma.c:783:6:LL_MDMA_DisconnectNextLinkNode	16	static
