/home/neill-lambert/Documents/github/new_pcm_3060/Drivers/CMSIS/Include/core_cm7.h:1899:26:__NVIC_GetPriorityGrouping	4	static
/home/neill-lambert/Documents/github/new_pcm_3060/Drivers/CMSIS/Include/core_cm7.h:1911:22:__NVIC_EnableIRQ	16	static,ignoring_inline_asm
/home/neill-lambert/Documents/github/new_pcm_3060/Drivers/CMSIS/Include/core_cm7.h:2041:22:__NVIC_SetPriority	16	static
/home/neill-lambert/Documents/github/new_pcm_3060/Drivers/CMSIS/Include/core_cm7.h:2088:26:NVIC_EncodePriority	40	static
/home/neill-lambert/Documents/github/new_pcm_3060/Drivers/STM32H7xx_HAL_Driver/Inc/stm32h7xx_ll_rcc.h:1666:22:LL_RCC_HSE_Enable	4	static
/home/neill-lambert/Documents/github/new_pcm_3060/Drivers/STM32H7xx_HAL_Driver/Inc/stm32h7xx_ll_rcc.h:1686:26:LL_RCC_HSE_IsReady	4	static
/home/neill-lambert/Documents/github/new_pcm_3060/Drivers/STM32H7xx_HAL_Driver/Inc/stm32h7xx_ll_rcc.h:2405:22:LL_RCC_SetSysClkSource	16	static
/home/neill-lambert/Documents/github/new_pcm_3060/Drivers/STM32H7xx_HAL_Driver/Inc/stm32h7xx_ll_rcc.h:2419:26:LL_RCC_GetSysClkSource	4	static
/home/neill-lambert/Documents/github/new_pcm_3060/Drivers/STM32H7xx_HAL_Driver/Inc/stm32h7xx_ll_rcc.h:2513:22:LL_RCC_SetAHBPrescaler	16	static
/home/neill-lambert/Documents/github/new_pcm_3060/Drivers/STM32H7xx_HAL_Driver/Inc/stm32h7xx_ll_rcc.h:2533:22:LL_RCC_SetAPB1Prescaler	16	static
/home/neill-lambert/Documents/github/new_pcm_3060/Drivers/STM32H7xx_HAL_Driver/Inc/stm32h7xx_ll_rcc.h:2553:22:LL_RCC_SetAPB2Prescaler	16	static
/home/neill-lambert/Documents/github/new_pcm_3060/Drivers/STM32H7xx_HAL_Driver/Inc/stm32h7xx_ll_rcc.h:2573:22:LL_RCC_SetAPB3Prescaler	16	static
/home/neill-lambert/Documents/github/new_pcm_3060/Drivers/STM32H7xx_HAL_Driver/Inc/stm32h7xx_ll_rcc.h:2593:22:LL_RCC_SetAPB4Prescaler	16	static
/home/neill-lambert/Documents/github/new_pcm_3060/Drivers/STM32H7xx_HAL_Driver/Inc/stm32h7xx_ll_rcc.h:2895:22:LL_RCC_SetClockSource	24	static
/home/neill-lambert/Documents/github/new_pcm_3060/Drivers/STM32H7xx_HAL_Driver/Inc/stm32h7xx_ll_rcc.h:3045:22:LL_RCC_SetSAIClockSource	16	static
/home/neill-lambert/Documents/github/new_pcm_3060/Drivers/STM32H7xx_HAL_Driver/Inc/stm32h7xx_ll_rcc.h:4298:22:LL_RCC_PLL_SetSource	16	static
/home/neill-lambert/Documents/github/new_pcm_3060/Drivers/STM32H7xx_HAL_Driver/Inc/stm32h7xx_ll_rcc.h:4322:22:LL_RCC_PLL1_Enable	4	static
/home/neill-lambert/Documents/github/new_pcm_3060/Drivers/STM32H7xx_HAL_Driver/Inc/stm32h7xx_ll_rcc.h:4343:26:LL_RCC_PLL1_IsReady	4	static
/home/neill-lambert/Documents/github/new_pcm_3060/Drivers/STM32H7xx_HAL_Driver/Inc/stm32h7xx_ll_rcc.h:4354:22:LL_RCC_PLL1P_Enable	4	static
/home/neill-lambert/Documents/github/new_pcm_3060/Drivers/STM32H7xx_HAL_Driver/Inc/stm32h7xx_ll_rcc.h:4365:22:LL_RCC_PLL1Q_Enable	4	static
/home/neill-lambert/Documents/github/new_pcm_3060/Drivers/STM32H7xx_HAL_Driver/Inc/stm32h7xx_ll_rcc.h:4386:22:LL_RCC_PLL1FRACN_Enable	4	static
/home/neill-lambert/Documents/github/new_pcm_3060/Drivers/STM32H7xx_HAL_Driver/Inc/stm32h7xx_ll_rcc.h:4483:22:LL_RCC_PLL1_SetVCOOutputRange	16	static
/home/neill-lambert/Documents/github/new_pcm_3060/Drivers/STM32H7xx_HAL_Driver/Inc/stm32h7xx_ll_rcc.h:4499:22:LL_RCC_PLL1_SetVCOInputRange	16	static
/home/neill-lambert/Documents/github/new_pcm_3060/Drivers/STM32H7xx_HAL_Driver/Inc/stm32h7xx_ll_rcc.h:4570:22:LL_RCC_PLL1_SetN	16	static
/home/neill-lambert/Documents/github/new_pcm_3060/Drivers/STM32H7xx_HAL_Driver/Inc/stm32h7xx_ll_rcc.h:4581:22:LL_RCC_PLL1_SetM	16	static
/home/neill-lambert/Documents/github/new_pcm_3060/Drivers/STM32H7xx_HAL_Driver/Inc/stm32h7xx_ll_rcc.h:4594:22:LL_RCC_PLL1_SetP	16	static
/home/neill-lambert/Documents/github/new_pcm_3060/Drivers/STM32H7xx_HAL_Driver/Inc/stm32h7xx_ll_rcc.h:4605:22:LL_RCC_PLL1_SetQ	16	static
/home/neill-lambert/Documents/github/new_pcm_3060/Drivers/STM32H7xx_HAL_Driver/Inc/stm32h7xx_ll_rcc.h:4616:22:LL_RCC_PLL1_SetR	16	static
/home/neill-lambert/Documents/github/new_pcm_3060/Drivers/STM32H7xx_HAL_Driver/Inc/stm32h7xx_ll_rcc.h:4626:22:LL_RCC_PLL1_SetFRACN	16	static
/home/neill-lambert/Documents/github/new_pcm_3060/Drivers/STM32H7xx_HAL_Driver/Inc/stm32h7xx_ll_gpio.h:278:22:LL_GPIO_SetPinMode	24	static
/home/neill-lambert/Documents/github/new_pcm_3060/Drivers/STM32H7xx_HAL_Driver/Inc/stm32h7xx_ll_gpio.h:557:22:LL_GPIO_SetAFPin_0_7	24	static
/home/neill-lambert/Documents/github/new_pcm_3060/Drivers/STM32H7xx_HAL_Driver/Inc/stm32h7xx_ll_gpio.h:884:22:LL_GPIO_SetOutputPin	16	static
/home/neill-lambert/Documents/github/new_pcm_3060/Drivers/STM32H7xx_HAL_Driver/Inc/stm32h7xx_ll_spi.h:555:22:LL_SPI_Enable	16	static
/home/neill-lambert/Documents/github/new_pcm_3060/Drivers/STM32H7xx_HAL_Driver/Inc/stm32h7xx_ll_spi.h:663:22:LL_SPI_SetMode	16	static
/home/neill-lambert/Documents/github/new_pcm_3060/Drivers/STM32H7xx_HAL_Driver/Inc/stm32h7xx_ll_spi.h:997:22:LL_SPI_StartMasterTransfer	16	static
/home/neill-lambert/Documents/github/new_pcm_3060/Drivers/STM32H7xx_HAL_Driver/Inc/stm32h7xx_ll_spi.h:1116:22:LL_SPI_SetStandard	16	static
/home/neill-lambert/Documents/github/new_pcm_3060/Drivers/STM32H7xx_HAL_Driver/Inc/stm32h7xx_ll_spi.h:1145:22:LL_SPI_SetClockPhase	16	static
/home/neill-lambert/Documents/github/new_pcm_3060/Drivers/STM32H7xx_HAL_Driver/Inc/stm32h7xx_ll_spi.h:1174:22:LL_SPI_SetClockPolarity	16	static
/home/neill-lambert/Documents/github/new_pcm_3060/Drivers/STM32H7xx_HAL_Driver/Inc/stm32h7xx_ll_spi.h:1238:22:LL_SPI_SetBaudRatePrescaler	16	static
/home/neill-lambert/Documents/github/new_pcm_3060/Drivers/STM32H7xx_HAL_Driver/Inc/stm32h7xx_ll_spi.h:1273:22:LL_SPI_SetTransferBitOrder	16	static
/home/neill-lambert/Documents/github/new_pcm_3060/Drivers/STM32H7xx_HAL_Driver/Inc/stm32h7xx_ll_spi.h:1306:22:LL_SPI_SetTransferDirection	16	static
/home/neill-lambert/Documents/github/new_pcm_3060/Drivers/STM32H7xx_HAL_Driver/Inc/stm32h7xx_ll_spi.h:1397:22:LL_SPI_SetDataWidth	16	static
/home/neill-lambert/Documents/github/new_pcm_3060/Drivers/STM32H7xx_HAL_Driver/Inc/stm32h7xx_ll_spi.h:1466:22:LL_SPI_SetFIFOThreshold	16	static
/home/neill-lambert/Documents/github/new_pcm_3060/Drivers/STM32H7xx_HAL_Driver/Inc/stm32h7xx_ll_spi.h:1627:22:LL_SPI_SetNSSMode	16	static
/home/neill-lambert/Documents/github/new_pcm_3060/Drivers/STM32H7xx_HAL_Driver/Inc/stm32h7xx_ll_dma.h:489:22:LL_DMA_EnableStream	24	static
/home/neill-lambert/Documents/github/new_pcm_3060/Drivers/STM32H7xx_HAL_Driver/Inc/stm32h7xx_ll_dma.h:574:22:LL_DMA_ConfigTransfer	32	static
/home/neill-lambert/Documents/github/new_pcm_3060/Drivers/STM32H7xx_HAL_Driver/Inc/stm32h7xx_ll_dma.h:1051:22:LL_DMA_SetDataLength	32	static
/home/neill-lambert/Documents/github/new_pcm_3060/Drivers/STM32H7xx_HAL_Driver/Inc/stm32h7xx_ll_dma.h:1238:22:LL_DMA_SetPeriphRequest	24	static
/home/neill-lambert/Documents/github/new_pcm_3060/Drivers/STM32H7xx_HAL_Driver/Inc/stm32h7xx_ll_dma.h:1690:22:LL_DMA_EnableFifoMode	24	static
/home/neill-lambert/Documents/github/new_pcm_3060/Drivers/STM32H7xx_HAL_Driver/Inc/stm32h7xx_ll_dma.h:1717:22:LL_DMA_SetFIFOThreshold	32	static
/home/neill-lambert/Documents/github/new_pcm_3060/Drivers/STM32H7xx_HAL_Driver/Inc/stm32h7xx_ll_dma.h:1804:22:LL_DMA_ConfigAddresses	32	static
/home/neill-lambert/Documents/github/new_pcm_3060/Drivers/STM32H7xx_HAL_Driver/Inc/stm32h7xx_ll_dma.h:1840:22:LL_DMA_SetMemoryAddress	32	static
/home/neill-lambert/Documents/github/new_pcm_3060/Drivers/STM32H7xx_HAL_Driver/Inc/stm32h7xx_ll_dma.h:1865:22:LL_DMA_SetPeriphAddress	32	static
/home/neill-lambert/Documents/github/new_pcm_3060/Drivers/STM32H7xx_HAL_Driver/Inc/stm32h7xx_ll_dma.h:2970:22:LL_DMA_EnableIT_HT	24	static
/home/neill-lambert/Documents/github/new_pcm_3060/Drivers/STM32H7xx_HAL_Driver/Inc/stm32h7xx_ll_dma.h:3014:22:LL_DMA_EnableIT_TC	24	static
/home/neill-lambert/Documents/github/new_pcm_3060/Drivers/STM32H7xx_HAL_Driver/Inc/stm32h7xx_ll_pwr.h:1575:22:LL_PWR_SetRegulVoltageScaling	16	static
/home/neill-lambert/Documents/github/new_pcm_3060/Drivers/STM32H7xx_HAL_Driver/Inc/stm32h7xx_ll_pwr.h:2108:26:LL_PWR_IsActiveFlag_VOS	4	static
/home/neill-lambert/Documents/github/new_pcm_3060/Drivers/STM32H7xx_HAL_Driver/Inc/stm32h7xx_ll_system.h:2342:22:LL_FLASH_SetLatency	16	static
/home/neill-lambert/Documents/github/new_pcm_3060/Drivers/STM32H7xx_HAL_Driver/Inc/stm32h7xx_ll_system.h:2360:26:LL_FLASH_GetLatency	4	static
/home/neill-lambert/Documents/github/new_pcm_3060/Drivers/STM32H7xx_HAL_Driver/Inc/stm32h7xx_ll_bus.h:872:22:LL_AHB1_GRP1_EnableClock	24	static
/home/neill-lambert/Documents/github/new_pcm_3060/Drivers/STM32H7xx_HAL_Driver/Inc/stm32h7xx_ll_bus.h:1384:22:LL_AHB4_GRP1_EnableClock	24	static
/home/neill-lambert/Documents/github/new_pcm_3060/Drivers/STM32H7xx_HAL_Driver/Inc/stm32h7xx_ll_bus.h:2480:22:LL_APB2_GRP1_EnableClock	24	static
../Core/Src/main.c:37:5:main	16	static
../Core/Src/main.c:80:13:MX_SAI1_Init	8	static
../Core/Src/main.c:123:13:MX_SPI1_Init	8	static
../Core/Src/main.c:138:13:MX_DMA_Init	16	static
../Core/Src/main.c:178:13:MX_GPIO_Init	8	static
../Core/Src/main.c:208:6:SystemClock_Config	8	static
../Core/Src/main.c:258:6:Error_Handler	4	static
