/home/neill-lambert/Documents/github/new_pcm_3060/Drivers/CMSIS/Include/core_cm7.h:1880:22:__NVIC_SetPriorityGrouping	24	static
/home/neill-lambert/Documents/github/new_pcm_3060/Drivers/CMSIS/Include/core_cm7.h:1899:26:__NVIC_GetPriorityGrouping	4	static
/home/neill-lambert/Documents/github/new_pcm_3060/Drivers/CMSIS/Include/core_cm7.h:1911:22:__NVIC_EnableIRQ	16	static,ignoring_inline_asm
/home/neill-lambert/Documents/github/new_pcm_3060/Drivers/CMSIS/Include/core_cm7.h:2041:22:__NVIC_SetPriority	16	static
/home/neill-lambert/Documents/github/new_pcm_3060/Drivers/CMSIS/Include/core_cm7.h:2088:26:NVIC_EncodePriority	40	static
/home/neill-lambert/Documents/github/new_pcm_3060/Drivers/STM32H7xx_HAL_Driver/Inc/stm32h7xx_ll_rcc.h:1666:22:LL_RCC_HSE_Enable	4	static
/home/neill-lambert/Documents/github/new_pcm_3060/Drivers/STM32H7xx_HAL_Driver/Inc/stm32h7xx_ll_rcc.h:1686:26:LL_RCC_HSE_IsReady	4	static
/home/neill-lambert/Documents/github/new_pcm_3060/Drivers/STM32H7xx_HAL_Driver/Inc/stm32h7xx_ll_rcc.h:2405:22:LL_RCC_SetSysClkSource	16	static
/home/neill-lambert/Documents/github/new_pcm_3060/Drivers/STM32H7xx_HAL_Driver/Inc/stm32h7xx_ll_rcc.h:2419:26:LL_RCC_GetSysClkSource	4	static
/home/neill-lambert/Documents/github/new_pcm_3060/Drivers/STM32H7xx_HAL_Driver/Inc/stm32h7xx_ll_rcc.h:2513:22:LL_RCC_SetAHBPrescaler	16	static
/home/neill-lambert/Documents/github/new_pcm_3060/Drivers/STM32H7xx_HAL_Driver/Inc/stm32h7xx_ll_rcc.h:2533:22:LL_RCC_SetAPB1Prescaler	16	static
/home/neill-lambert/Documents/github/new_pcm_3060/Drivers/STM32H7xx_HAL_Driver/Inc/stm32h7xx_ll_rcc.h:2553:22:LL_RCC_SetAPB2Prescaler	16	static
/home/neill-lambert/Documents/github/new_pcm_3060/Drivers/STM32H7xx_HAL_Driver/Inc/stm32h7xx_ll_rcc.h:2573:22:LL_RCC_SetAPB3Prescaler	16	static
/home/neill-lambert/Documents/github/new_pcm_3060/Drivers/STM32H7xx_HAL_Driver/Inc/stm32h7xx_ll_rcc.h:2593:22:LL_RCC_SetAPB4Prescaler	16	static
/home/neill-lambert/Documents/github/new_pcm_3060/Drivers/STM32H7xx_HAL_Driver/Inc/stm32h7xx_ll_rcc.h:2783:22:LL_RCC_ConfigMCO	16	static
/home/neill-lambert/Documents/github/new_pcm_3060/Drivers/STM32H7xx_HAL_Driver/Inc/stm32h7xx_ll_rcc.h:4298:22:LL_RCC_PLL_SetSource	16	static
/home/neill-lambert/Documents/github/new_pcm_3060/Drivers/STM32H7xx_HAL_Driver/Inc/stm32h7xx_ll_rcc.h:4322:22:LL_RCC_PLL1_Enable	4	static
/home/neill-lambert/Documents/github/new_pcm_3060/Drivers/STM32H7xx_HAL_Driver/Inc/stm32h7xx_ll_rcc.h:4333:22:LL_RCC_PLL1_Disable	4	static
/home/neill-lambert/Documents/github/new_pcm_3060/Drivers/STM32H7xx_HAL_Driver/Inc/stm32h7xx_ll_rcc.h:4343:26:LL_RCC_PLL1_IsReady	4	static
/home/neill-lambert/Documents/github/new_pcm_3060/Drivers/STM32H7xx_HAL_Driver/Inc/stm32h7xx_ll_rcc.h:4354:22:LL_RCC_PLL1P_Enable	4	static
/home/neill-lambert/Documents/github/new_pcm_3060/Drivers/STM32H7xx_HAL_Driver/Inc/stm32h7xx_ll_rcc.h:4365:22:LL_RCC_PLL1Q_Enable	4	static
/home/neill-lambert/Documents/github/new_pcm_3060/Drivers/STM32H7xx_HAL_Driver/Inc/stm32h7xx_ll_rcc.h:4406:26:LL_RCC_PLL1Q_IsEnabled	4	static
/home/neill-lambert/Documents/github/new_pcm_3060/Drivers/STM32H7xx_HAL_Driver/Inc/stm32h7xx_ll_rcc.h:4483:22:LL_RCC_PLL1_SetVCOOutputRange	16	static
/home/neill-lambert/Documents/github/new_pcm_3060/Drivers/STM32H7xx_HAL_Driver/Inc/stm32h7xx_ll_rcc.h:4499:22:LL_RCC_PLL1_SetVCOInputRange	16	static
/home/neill-lambert/Documents/github/new_pcm_3060/Drivers/STM32H7xx_HAL_Driver/Inc/stm32h7xx_ll_rcc.h:4570:22:LL_RCC_PLL1_SetN	16	static
/home/neill-lambert/Documents/github/new_pcm_3060/Drivers/STM32H7xx_HAL_Driver/Inc/stm32h7xx_ll_rcc.h:4581:22:LL_RCC_PLL1_SetM	16	static
/home/neill-lambert/Documents/github/new_pcm_3060/Drivers/STM32H7xx_HAL_Driver/Inc/stm32h7xx_ll_rcc.h:4594:22:LL_RCC_PLL1_SetP	16	static
/home/neill-lambert/Documents/github/new_pcm_3060/Drivers/STM32H7xx_HAL_Driver/Inc/stm32h7xx_ll_rcc.h:4605:22:LL_RCC_PLL1_SetQ	16	static
/home/neill-lambert/Documents/github/new_pcm_3060/Drivers/STM32H7xx_HAL_Driver/Inc/stm32h7xx_ll_rcc.h:4948:22:LL_RCC_PLL3_Enable	4	static
/home/neill-lambert/Documents/github/new_pcm_3060/Drivers/STM32H7xx_HAL_Driver/Inc/stm32h7xx_ll_rcc.h:4959:22:LL_RCC_PLL3_Disable	4	static
/home/neill-lambert/Documents/github/new_pcm_3060/Drivers/STM32H7xx_HAL_Driver/Inc/stm32h7xx_ll_rcc.h:4969:26:LL_RCC_PLL3_IsReady	4	static
/home/neill-lambert/Documents/github/new_pcm_3060/Drivers/STM32H7xx_HAL_Driver/Inc/stm32h7xx_ll_rcc.h:4980:22:LL_RCC_PLL3P_Enable	4	static
/home/neill-lambert/Documents/github/new_pcm_3060/Drivers/STM32H7xx_HAL_Driver/Inc/stm32h7xx_ll_rcc.h:5012:22:LL_RCC_PLL3FRACN_Enable	4	static
/home/neill-lambert/Documents/github/new_pcm_3060/Drivers/STM32H7xx_HAL_Driver/Inc/stm32h7xx_ll_rcc.h:5022:26:LL_RCC_PLL3P_IsEnabled	4	static
/home/neill-lambert/Documents/github/new_pcm_3060/Drivers/STM32H7xx_HAL_Driver/Inc/stm32h7xx_ll_rcc.h:5052:26:LL_RCC_PLL3FRACN_IsEnabled	4	static
/home/neill-lambert/Documents/github/new_pcm_3060/Drivers/STM32H7xx_HAL_Driver/Inc/stm32h7xx_ll_rcc.h:5095:22:LL_RCC_PLL3FRACN_Disable	4	static
/home/neill-lambert/Documents/github/new_pcm_3060/Drivers/STM32H7xx_HAL_Driver/Inc/stm32h7xx_ll_rcc.h:5109:22:LL_RCC_PLL3_SetVCOOutputRange	16	static
/home/neill-lambert/Documents/github/new_pcm_3060/Drivers/STM32H7xx_HAL_Driver/Inc/stm32h7xx_ll_rcc.h:5125:22:LL_RCC_PLL3_SetVCOInputRange	16	static
/home/neill-lambert/Documents/github/new_pcm_3060/Drivers/STM32H7xx_HAL_Driver/Inc/stm32h7xx_ll_rcc.h:5207:22:LL_RCC_PLL3_SetM	16	static
/home/neill-lambert/Documents/github/new_pcm_3060/Drivers/STM32H7xx_HAL_Driver/Inc/stm32h7xx_ll_gpio.h:278:22:LL_GPIO_SetPinMode	24	static
/home/neill-lambert/Documents/github/new_pcm_3060/Drivers/STM32H7xx_HAL_Driver/Inc/stm32h7xx_ll_gpio.h:346:22:LL_GPIO_SetPinOutputType	24	static
/home/neill-lambert/Documents/github/new_pcm_3060/Drivers/STM32H7xx_HAL_Driver/Inc/stm32h7xx_ll_gpio.h:417:22:LL_GPIO_SetPinSpeed	24	static
/home/neill-lambert/Documents/github/new_pcm_3060/Drivers/STM32H7xx_HAL_Driver/Inc/stm32h7xx_ll_gpio.h:486:22:LL_GPIO_SetPinPull	24	static
/home/neill-lambert/Documents/github/new_pcm_3060/Drivers/STM32H7xx_HAL_Driver/Inc/stm32h7xx_ll_gpio.h:557:22:LL_GPIO_SetAFPin_0_7	24	static
/home/neill-lambert/Documents/github/new_pcm_3060/Drivers/STM32H7xx_HAL_Driver/Inc/stm32h7xx_ll_gpio.h:634:22:LL_GPIO_SetAFPin_8_15	24	static
/home/neill-lambert/Documents/github/new_pcm_3060/Drivers/STM32H7xx_HAL_Driver/Inc/stm32h7xx_ll_gpio.h:884:22:LL_GPIO_SetOutputPin	16	static
/home/neill-lambert/Documents/github/new_pcm_3060/Drivers/STM32H7xx_HAL_Driver/Inc/stm32h7xx_ll_gpio.h:913:22:LL_GPIO_ResetOutputPin	16	static
/home/neill-lambert/Documents/github/new_pcm_3060/Drivers/STM32H7xx_HAL_Driver/Inc/stm32h7xx_ll_spi.h:555:22:LL_SPI_Enable	16	static
/home/neill-lambert/Documents/github/new_pcm_3060/Drivers/STM32H7xx_HAL_Driver/Inc/stm32h7xx_ll_spi.h:567:22:LL_SPI_Disable	16	static
/home/neill-lambert/Documents/github/new_pcm_3060/Drivers/STM32H7xx_HAL_Driver/Inc/stm32h7xx_ll_spi.h:663:22:LL_SPI_SetMode	16	static
/home/neill-lambert/Documents/github/new_pcm_3060/Drivers/STM32H7xx_HAL_Driver/Inc/stm32h7xx_ll_spi.h:929:22:LL_SPI_SetInternalSSLevel	16	static
/home/neill-lambert/Documents/github/new_pcm_3060/Drivers/STM32H7xx_HAL_Driver/Inc/stm32h7xx_ll_spi.h:1116:22:LL_SPI_SetStandard	16	static
/home/neill-lambert/Documents/github/new_pcm_3060/Drivers/STM32H7xx_HAL_Driver/Inc/stm32h7xx_ll_spi.h:1145:22:LL_SPI_SetClockPhase	16	static
/home/neill-lambert/Documents/github/new_pcm_3060/Drivers/STM32H7xx_HAL_Driver/Inc/stm32h7xx_ll_spi.h:1174:22:LL_SPI_SetClockPolarity	16	static
/home/neill-lambert/Documents/github/new_pcm_3060/Drivers/STM32H7xx_HAL_Driver/Inc/stm32h7xx_ll_spi.h:1238:22:LL_SPI_SetBaudRatePrescaler	16	static
/home/neill-lambert/Documents/github/new_pcm_3060/Drivers/STM32H7xx_HAL_Driver/Inc/stm32h7xx_ll_spi.h:1273:22:LL_SPI_SetTransferBitOrder	16	static
/home/neill-lambert/Documents/github/new_pcm_3060/Drivers/STM32H7xx_HAL_Driver/Inc/stm32h7xx_ll_spi.h:1306:22:LL_SPI_SetTransferDirection	16	static
/home/neill-lambert/Documents/github/new_pcm_3060/Drivers/STM32H7xx_HAL_Driver/Inc/stm32h7xx_ll_spi.h:1397:22:LL_SPI_SetDataWidth	16	static
/home/neill-lambert/Documents/github/new_pcm_3060/Drivers/STM32H7xx_HAL_Driver/Inc/stm32h7xx_ll_spi.h:1466:22:LL_SPI_SetFIFOThreshold	16	static
/home/neill-lambert/Documents/github/new_pcm_3060/Drivers/STM32H7xx_HAL_Driver/Inc/stm32h7xx_ll_spi.h:1627:22:LL_SPI_SetNSSMode	16	static
/home/neill-lambert/Documents/github/new_pcm_3060/Drivers/STM32H7xx_HAL_Driver/Inc/stm32h7xx_ll_spi.h:1933:22:LL_SPI_ClearFlag_MODF	16	static
/home/neill-lambert/Documents/github/new_pcm_3060/Drivers/STM32H7xx_HAL_Driver/Inc/stm32h7xx_ll_spi.h:2489:22:LL_SPI_TransmitData8	16	static
/home/neill-lambert/Documents/github/new_pcm_3060/Drivers/STM32H7xx_HAL_Driver/Inc/stm32h7xx_ll_dma.h:489:22:LL_DMA_EnableStream	24	static
/home/neill-lambert/Documents/github/new_pcm_3060/Drivers/STM32H7xx_HAL_Driver/Inc/stm32h7xx_ll_dma.h:574:22:LL_DMA_ConfigTransfer	32	static
/home/neill-lambert/Documents/github/new_pcm_3060/Drivers/STM32H7xx_HAL_Driver/Inc/stm32h7xx_ll_dma.h:804:22:LL_DMA_SetPeriphSize	32	static
/home/neill-lambert/Documents/github/new_pcm_3060/Drivers/STM32H7xx_HAL_Driver/Inc/stm32h7xx_ll_dma.h:855:22:LL_DMA_SetMemorySize	32	static
/home/neill-lambert/Documents/github/new_pcm_3060/Drivers/STM32H7xx_HAL_Driver/Inc/stm32h7xx_ll_dma.h:1051:22:LL_DMA_SetDataLength	32	static
/home/neill-lambert/Documents/github/new_pcm_3060/Drivers/STM32H7xx_HAL_Driver/Inc/stm32h7xx_ll_dma.h:1238:22:LL_DMA_SetPeriphRequest	24	static
/home/neill-lambert/Documents/github/new_pcm_3060/Drivers/STM32H7xx_HAL_Driver/Inc/stm32h7xx_ll_dma.h:1690:22:LL_DMA_EnableFifoMode	24	static
/home/neill-lambert/Documents/github/new_pcm_3060/Drivers/STM32H7xx_HAL_Driver/Inc/stm32h7xx_ll_dma.h:1717:22:LL_DMA_SetFIFOThreshold	32	static
/home/neill-lambert/Documents/github/new_pcm_3060/Drivers/STM32H7xx_HAL_Driver/Inc/stm32h7xx_ll_dma.h:1840:22:LL_DMA_SetMemoryAddress	32	static
/home/neill-lambert/Documents/github/new_pcm_3060/Drivers/STM32H7xx_HAL_Driver/Inc/stm32h7xx_ll_dma.h:1865:22:LL_DMA_SetPeriphAddress	32	static
/home/neill-lambert/Documents/github/new_pcm_3060/Drivers/STM32H7xx_HAL_Driver/Inc/stm32h7xx_ll_dma.h:2970:22:LL_DMA_EnableIT_HT	24	static
/home/neill-lambert/Documents/github/new_pcm_3060/Drivers/STM32H7xx_HAL_Driver/Inc/stm32h7xx_ll_dma.h:3014:22:LL_DMA_EnableIT_TC	24	static
/home/neill-lambert/Documents/github/new_pcm_3060/Drivers/STM32H7xx_HAL_Driver/Inc/stm32h7xx_ll_pwr.h:1575:22:LL_PWR_SetRegulVoltageScaling	16	static
/home/neill-lambert/Documents/github/new_pcm_3060/Drivers/STM32H7xx_HAL_Driver/Inc/stm32h7xx_ll_pwr.h:2108:26:LL_PWR_IsActiveFlag_VOS	4	static
/home/neill-lambert/Documents/github/new_pcm_3060/Drivers/STM32H7xx_HAL_Driver/Inc/stm32h7xx_ll_system.h:2342:22:LL_FLASH_SetLatency	16	static
/home/neill-lambert/Documents/github/new_pcm_3060/Drivers/STM32H7xx_HAL_Driver/Inc/stm32h7xx_ll_system.h:2360:26:LL_FLASH_GetLatency	4	static
/home/neill-lambert/Documents/github/new_pcm_3060/Drivers/STM32H7xx_HAL_Driver/Inc/stm32h7xx_ll_bus.h:872:22:LL_AHB1_GRP1_EnableClock	24	static
/home/neill-lambert/Documents/github/new_pcm_3060/Drivers/STM32H7xx_HAL_Driver/Inc/stm32h7xx_ll_bus.h:1384:22:LL_AHB4_GRP1_EnableClock	24	static
/home/neill-lambert/Documents/github/new_pcm_3060/Drivers/STM32H7xx_HAL_Driver/Inc/stm32h7xx_ll_bus.h:2480:22:LL_APB2_GRP1_EnableClock	24	static
../Core/Src/main.c:46:5:main	40	static,ignoring_inline_asm
../Core/Src/main.c:190:13:MX_SAI1_Init	16	static
../Core/Src/main.c:250:13:MX_SPI4_Init	8	static
../Core/Src/main.c:291:13:MX_DMA_Init	8	static
../Core/Src/main.c:337:13:MX_GPIO_Init	8	static
../Core/Src/main.c:426:6:SystemClock_Config	8	static,ignoring_inline_asm
../Core/Src/main.c:562:13:DWT_Delay_ms	24	static
../Core/Src/main.c:630:6:Error_Handler	4	static
