/home/neill-lambert/Documents/github/new_pcm_3060/Drivers/CMSIS/Include/core_cm7.h:1880:22:__NVIC_SetPriorityGrouping	1
/home/neill-lambert/Documents/github/new_pcm_3060/Drivers/CMSIS/Include/core_cm7.h:1899:26:__NVIC_GetPriorityGrouping	1
/home/neill-lambert/Documents/github/new_pcm_3060/Drivers/CMSIS/Include/core_cm7.h:1911:22:__NVIC_EnableIRQ	2
/home/neill-lambert/Documents/github/new_pcm_3060/Drivers/CMSIS/Include/core_cm7.h:2041:22:__NVIC_SetPriority	2
/home/neill-lambert/Documents/github/new_pcm_3060/Drivers/CMSIS/Include/core_cm7.h:2088:26:NVIC_EncodePriority	2
/home/neill-lambert/Documents/github/new_pcm_3060/Drivers/STM32H7xx_HAL_Driver/Inc/stm32h7xx_ll_rcc.h:1666:22:LL_RCC_HSE_Enable	1
/home/neill-lambert/Documents/github/new_pcm_3060/Drivers/STM32H7xx_HAL_Driver/Inc/stm32h7xx_ll_rcc.h:1686:26:LL_RCC_HSE_IsReady	2
/home/neill-lambert/Documents/github/new_pcm_3060/Drivers/STM32H7xx_HAL_Driver/Inc/stm32h7xx_ll_rcc.h:2405:22:LL_RCC_SetSysClkSource	1
/home/neill-lambert/Documents/github/new_pcm_3060/Drivers/STM32H7xx_HAL_Driver/Inc/stm32h7xx_ll_rcc.h:2419:26:LL_RCC_GetSysClkSource	1
/home/neill-lambert/Documents/github/new_pcm_3060/Drivers/STM32H7xx_HAL_Driver/Inc/stm32h7xx_ll_rcc.h:2513:22:LL_RCC_SetAHBPrescaler	1
/home/neill-lambert/Documents/github/new_pcm_3060/Drivers/STM32H7xx_HAL_Driver/Inc/stm32h7xx_ll_rcc.h:2533:22:LL_RCC_SetAPB1Prescaler	1
/home/neill-lambert/Documents/github/new_pcm_3060/Drivers/STM32H7xx_HAL_Driver/Inc/stm32h7xx_ll_rcc.h:2553:22:LL_RCC_SetAPB2Prescaler	1
/home/neill-lambert/Documents/github/new_pcm_3060/Drivers/STM32H7xx_HAL_Driver/Inc/stm32h7xx_ll_rcc.h:2573:22:LL_RCC_SetAPB3Prescaler	1
/home/neill-lambert/Documents/github/new_pcm_3060/Drivers/STM32H7xx_HAL_Driver/Inc/stm32h7xx_ll_rcc.h:2593:22:LL_RCC_SetAPB4Prescaler	1
/home/neill-lambert/Documents/github/new_pcm_3060/Drivers/STM32H7xx_HAL_Driver/Inc/stm32h7xx_ll_rcc.h:2783:22:LL_RCC_ConfigMCO	1
/home/neill-lambert/Documents/github/new_pcm_3060/Drivers/STM32H7xx_HAL_Driver/Inc/stm32h7xx_ll_rcc.h:4298:22:LL_RCC_PLL_SetSource	1
/home/neill-lambert/Documents/github/new_pcm_3060/Drivers/STM32H7xx_HAL_Driver/Inc/stm32h7xx_ll_rcc.h:4322:22:LL_RCC_PLL1_Enable	1
/home/neill-lambert/Documents/github/new_pcm_3060/Drivers/STM32H7xx_HAL_Driver/Inc/stm32h7xx_ll_rcc.h:4333:22:LL_RCC_PLL1_Disable	1
/home/neill-lambert/Documents/github/new_pcm_3060/Drivers/STM32H7xx_HAL_Driver/Inc/stm32h7xx_ll_rcc.h:4343:26:LL_RCC_PLL1_IsReady	2
/home/neill-lambert/Documents/github/new_pcm_3060/Drivers/STM32H7xx_HAL_Driver/Inc/stm32h7xx_ll_rcc.h:4354:22:LL_RCC_PLL1P_Enable	1
/home/neill-lambert/Documents/github/new_pcm_3060/Drivers/STM32H7xx_HAL_Driver/Inc/stm32h7xx_ll_rcc.h:4365:22:LL_RCC_PLL1Q_Enable	1
/home/neill-lambert/Documents/github/new_pcm_3060/Drivers/STM32H7xx_HAL_Driver/Inc/stm32h7xx_ll_rcc.h:4406:26:LL_RCC_PLL1Q_IsEnabled	2
/home/neill-lambert/Documents/github/new_pcm_3060/Drivers/STM32H7xx_HAL_Driver/Inc/stm32h7xx_ll_rcc.h:4483:22:LL_RCC_PLL1_SetVCOOutputRange	1
/home/neill-lambert/Documents/github/new_pcm_3060/Drivers/STM32H7xx_HAL_Driver/Inc/stm32h7xx_ll_rcc.h:4499:22:LL_RCC_PLL1_SetVCOInputRange	1
/home/neill-lambert/Documents/github/new_pcm_3060/Drivers/STM32H7xx_HAL_Driver/Inc/stm32h7xx_ll_rcc.h:4570:22:LL_RCC_PLL1_SetN	1
/home/neill-lambert/Documents/github/new_pcm_3060/Drivers/STM32H7xx_HAL_Driver/Inc/stm32h7xx_ll_rcc.h:4581:22:LL_RCC_PLL1_SetM	1
/home/neill-lambert/Documents/github/new_pcm_3060/Drivers/STM32H7xx_HAL_Driver/Inc/stm32h7xx_ll_rcc.h:4594:22:LL_RCC_PLL1_SetP	1
/home/neill-lambert/Documents/github/new_pcm_3060/Drivers/STM32H7xx_HAL_Driver/Inc/stm32h7xx_ll_rcc.h:4605:22:LL_RCC_PLL1_SetQ	1
/home/neill-lambert/Documents/github/new_pcm_3060/Drivers/STM32H7xx_HAL_Driver/Inc/stm32h7xx_ll_rcc.h:4948:22:LL_RCC_PLL3_Enable	1
/home/neill-lambert/Documents/github/new_pcm_3060/Drivers/STM32H7xx_HAL_Driver/Inc/stm32h7xx_ll_rcc.h:4959:22:LL_RCC_PLL3_Disable	1
/home/neill-lambert/Documents/github/new_pcm_3060/Drivers/STM32H7xx_HAL_Driver/Inc/stm32h7xx_ll_rcc.h:4969:26:LL_RCC_PLL3_IsReady	2
/home/neill-lambert/Documents/github/new_pcm_3060/Drivers/STM32H7xx_HAL_Driver/Inc/stm32h7xx_ll_rcc.h:4980:22:LL_RCC_PLL3P_Enable	1
/home/neill-lambert/Documents/github/new_pcm_3060/Drivers/STM32H7xx_HAL_Driver/Inc/stm32h7xx_ll_rcc.h:5012:22:LL_RCC_PLL3FRACN_Enable	1
/home/neill-lambert/Documents/github/new_pcm_3060/Drivers/STM32H7xx_HAL_Driver/Inc/stm32h7xx_ll_rcc.h:5022:26:LL_RCC_PLL3P_IsEnabled	2
/home/neill-lambert/Documents/github/new_pcm_3060/Drivers/STM32H7xx_HAL_Driver/Inc/stm32h7xx_ll_rcc.h:5052:26:LL_RCC_PLL3FRACN_IsEnabled	2
/home/neill-lambert/Documents/github/new_pcm_3060/Drivers/STM32H7xx_HAL_Driver/Inc/stm32h7xx_ll_rcc.h:5095:22:LL_RCC_PLL3FRACN_Disable	1
/home/neill-lambert/Documents/github/new_pcm_3060/Drivers/STM32H7xx_HAL_Driver/Inc/stm32h7xx_ll_rcc.h:5109:22:LL_RCC_PLL3_SetVCOOutputRange	1
/home/neill-lambert/Documents/github/new_pcm_3060/Drivers/STM32H7xx_HAL_Driver/Inc/stm32h7xx_ll_rcc.h:5125:22:LL_RCC_PLL3_SetVCOInputRange	1
/home/neill-lambert/Documents/github/new_pcm_3060/Drivers/STM32H7xx_HAL_Driver/Inc/stm32h7xx_ll_rcc.h:5207:22:LL_RCC_PLL3_SetM	1
/home/neill-lambert/Documents/github/new_pcm_3060/Drivers/STM32H7xx_HAL_Driver/Inc/stm32h7xx_ll_gpio.h:278:22:LL_GPIO_SetPinMode	1
/home/neill-lambert/Documents/github/new_pcm_3060/Drivers/STM32H7xx_HAL_Driver/Inc/stm32h7xx_ll_gpio.h:346:22:LL_GPIO_SetPinOutputType	1
/home/neill-lambert/Documents/github/new_pcm_3060/Drivers/STM32H7xx_HAL_Driver/Inc/stm32h7xx_ll_gpio.h:417:22:LL_GPIO_SetPinSpeed	1
/home/neill-lambert/Documents/github/new_pcm_3060/Drivers/STM32H7xx_HAL_Driver/Inc/stm32h7xx_ll_gpio.h:486:22:LL_GPIO_SetPinPull	1
/home/neill-lambert/Documents/github/new_pcm_3060/Drivers/STM32H7xx_HAL_Driver/Inc/stm32h7xx_ll_gpio.h:557:22:LL_GPIO_SetAFPin_0_7	1
/home/neill-lambert/Documents/github/new_pcm_3060/Drivers/STM32H7xx_HAL_Driver/Inc/stm32h7xx_ll_gpio.h:634:22:LL_GPIO_SetAFPin_8_15	1
/home/neill-lambert/Documents/github/new_pcm_3060/Drivers/STM32H7xx_HAL_Driver/Inc/stm32h7xx_ll_gpio.h:884:22:LL_GPIO_SetOutputPin	1
/home/neill-lambert/Documents/github/new_pcm_3060/Drivers/STM32H7xx_HAL_Driver/Inc/stm32h7xx_ll_gpio.h:913:22:LL_GPIO_ResetOutputPin	1
/home/neill-lambert/Documents/github/new_pcm_3060/Drivers/STM32H7xx_HAL_Driver/Inc/stm32h7xx_ll_spi.h:555:22:LL_SPI_Enable	1
/home/neill-lambert/Documents/github/new_pcm_3060/Drivers/STM32H7xx_HAL_Driver/Inc/stm32h7xx_ll_spi.h:567:22:LL_SPI_Disable	1
/home/neill-lambert/Documents/github/new_pcm_3060/Drivers/STM32H7xx_HAL_Driver/Inc/stm32h7xx_ll_spi.h:663:22:LL_SPI_SetMode	1
/home/neill-lambert/Documents/github/new_pcm_3060/Drivers/STM32H7xx_HAL_Driver/Inc/stm32h7xx_ll_spi.h:929:22:LL_SPI_SetInternalSSLevel	1
/home/neill-lambert/Documents/github/new_pcm_3060/Drivers/STM32H7xx_HAL_Driver/Inc/stm32h7xx_ll_spi.h:1116:22:LL_SPI_SetStandard	1
/home/neill-lambert/Documents/github/new_pcm_3060/Drivers/STM32H7xx_HAL_Driver/Inc/stm32h7xx_ll_spi.h:1145:22:LL_SPI_SetClockPhase	1
/home/neill-lambert/Documents/github/new_pcm_3060/Drivers/STM32H7xx_HAL_Driver/Inc/stm32h7xx_ll_spi.h:1174:22:LL_SPI_SetClockPolarity	1
/home/neill-lambert/Documents/github/new_pcm_3060/Drivers/STM32H7xx_HAL_Driver/Inc/stm32h7xx_ll_spi.h:1238:22:LL_SPI_SetBaudRatePrescaler	1
/home/neill-lambert/Documents/github/new_pcm_3060/Drivers/STM32H7xx_HAL_Driver/Inc/stm32h7xx_ll_spi.h:1273:22:LL_SPI_SetTransferBitOrder	1
/home/neill-lambert/Documents/github/new_pcm_3060/Drivers/STM32H7xx_HAL_Driver/Inc/stm32h7xx_ll_spi.h:1306:22:LL_SPI_SetTransferDirection	1
/home/neill-lambert/Documents/github/new_pcm_3060/Drivers/STM32H7xx_HAL_Driver/Inc/stm32h7xx_ll_spi.h:1397:22:LL_SPI_SetDataWidth	1
/home/neill-lambert/Documents/github/new_pcm_3060/Drivers/STM32H7xx_HAL_Driver/Inc/stm32h7xx_ll_spi.h:1466:22:LL_SPI_SetFIFOThreshold	1
/home/neill-lambert/Documents/github/new_pcm_3060/Drivers/STM32H7xx_HAL_Driver/Inc/stm32h7xx_ll_spi.h:1627:22:LL_SPI_SetNSSMode	1
/home/neill-lambert/Documents/github/new_pcm_3060/Drivers/STM32H7xx_HAL_Driver/Inc/stm32h7xx_ll_spi.h:1933:22:LL_SPI_ClearFlag_MODF	1
/home/neill-lambert/Documents/github/new_pcm_3060/Drivers/STM32H7xx_HAL_Driver/Inc/stm32h7xx_ll_spi.h:2489:22:LL_SPI_TransmitData8	1
/home/neill-lambert/Documents/github/new_pcm_3060/Drivers/STM32H7xx_HAL_Driver/Inc/stm32h7xx_ll_dma.h:489:22:LL_DMA_EnableStream	1
/home/neill-lambert/Documents/github/new_pcm_3060/Drivers/STM32H7xx_HAL_Driver/Inc/stm32h7xx_ll_dma.h:574:22:LL_DMA_ConfigTransfer	1
/home/neill-lambert/Documents/github/new_pcm_3060/Drivers/STM32H7xx_HAL_Driver/Inc/stm32h7xx_ll_dma.h:804:22:LL_DMA_SetPeriphSize	1
/home/neill-lambert/Documents/github/new_pcm_3060/Drivers/STM32H7xx_HAL_Driver/Inc/stm32h7xx_ll_dma.h:855:22:LL_DMA_SetMemorySize	1
/home/neill-lambert/Documents/github/new_pcm_3060/Drivers/STM32H7xx_HAL_Driver/Inc/stm32h7xx_ll_dma.h:1051:22:LL_DMA_SetDataLength	1
/home/neill-lambert/Documents/github/new_pcm_3060/Drivers/STM32H7xx_HAL_Driver/Inc/stm32h7xx_ll_dma.h:1238:22:LL_DMA_SetPeriphRequest	3
/home/neill-lambert/Documents/github/new_pcm_3060/Drivers/STM32H7xx_HAL_Driver/Inc/stm32h7xx_ll_dma.h:1690:22:LL_DMA_EnableFifoMode	1
/home/neill-lambert/Documents/github/new_pcm_3060/Drivers/STM32H7xx_HAL_Driver/Inc/stm32h7xx_ll_dma.h:1717:22:LL_DMA_SetFIFOThreshold	1
/home/neill-lambert/Documents/github/new_pcm_3060/Drivers/STM32H7xx_HAL_Driver/Inc/stm32h7xx_ll_dma.h:1840:22:LL_DMA_SetMemoryAddress	1
/home/neill-lambert/Documents/github/new_pcm_3060/Drivers/STM32H7xx_HAL_Driver/Inc/stm32h7xx_ll_dma.h:1865:22:LL_DMA_SetPeriphAddress	1
/home/neill-lambert/Documents/github/new_pcm_3060/Drivers/STM32H7xx_HAL_Driver/Inc/stm32h7xx_ll_dma.h:2970:22:LL_DMA_EnableIT_HT	1
/home/neill-lambert/Documents/github/new_pcm_3060/Drivers/STM32H7xx_HAL_Driver/Inc/stm32h7xx_ll_dma.h:3014:22:LL_DMA_EnableIT_TC	1
/home/neill-lambert/Documents/github/new_pcm_3060/Drivers/STM32H7xx_HAL_Driver/Inc/stm32h7xx_ll_pwr.h:1575:22:LL_PWR_SetRegulVoltageScaling	1
/home/neill-lambert/Documents/github/new_pcm_3060/Drivers/STM32H7xx_HAL_Driver/Inc/stm32h7xx_ll_pwr.h:2108:26:LL_PWR_IsActiveFlag_VOS	2
/home/neill-lambert/Documents/github/new_pcm_3060/Drivers/STM32H7xx_HAL_Driver/Inc/stm32h7xx_ll_system.h:2342:22:LL_FLASH_SetLatency	1
/home/neill-lambert/Documents/github/new_pcm_3060/Drivers/STM32H7xx_HAL_Driver/Inc/stm32h7xx_ll_system.h:2360:26:LL_FLASH_GetLatency	1
/home/neill-lambert/Documents/github/new_pcm_3060/Drivers/STM32H7xx_HAL_Driver/Inc/stm32h7xx_ll_bus.h:872:22:LL_AHB1_GRP1_EnableClock	1
/home/neill-lambert/Documents/github/new_pcm_3060/Drivers/STM32H7xx_HAL_Driver/Inc/stm32h7xx_ll_bus.h:1384:22:LL_AHB4_GRP1_EnableClock	1
/home/neill-lambert/Documents/github/new_pcm_3060/Drivers/STM32H7xx_HAL_Driver/Inc/stm32h7xx_ll_bus.h:2480:22:LL_APB2_GRP1_EnableClock	1
../Core/Src/main.c:46:5:main	13
../Core/Src/main.c:186:13:MX_SAI1_Init	4
../Core/Src/main.c:254:13:MX_SPI4_Init	1
../Core/Src/main.c:295:13:MX_DMA_Init	1
../Core/Src/main.c:341:13:MX_GPIO_Init	1
../Core/Src/main.c:430:6:SystemClock_Config	14
../Core/Src/main.c:566:13:DWT_Delay_ms	2
../Core/Src/main.c:634:6:Error_Handler	1
